###############################################################################
#
# IAR ELF Linker V7.30.4.8167/W32 for ARM                 05/Feb/2015  02:38:01
# Copyright 2007-2014 IAR Systems AB.
#
#    Output file  =  
#        C:\Users\Alex\Documents\IAR Embedded
#        Workbench\STM32F4xx_DSP_StdPeriph_Lib\Project\STM32F4xx_StdPeriph_Examples\GPIO\JTAG_Remap\STM324x7I_EVAL\Exe\Project.out
#    Map file     =  
#        C:\Users\Alex\Documents\IAR Embedded
#        Workbench\STM32F4xx_DSP_StdPeriph_Lib\Project\STM32F4xx_StdPeriph_Examples\GPIO\JTAG_Remap\STM324x7I_EVAL\List\Project.map
#    Command line =  
#        "C:\Users\Alex\Documents\IAR Embedded
#        Workbench\STM32F4xx_DSP_StdPeriph_Lib\Project\STM32F4xx_StdPeriph_Examples\GPIO\JTAG_Remap\STM324x7I_EVAL\Obj\main.o"
#        "C:\Users\Alex\Documents\IAR Embedded
#        Workbench\STM32F4xx_DSP_StdPeriph_Lib\Project\STM32F4xx_StdPeriph_Examples\GPIO\JTAG_Remap\STM324x7I_EVAL\Obj\misc.o"
#        "C:\Users\Alex\Documents\IAR Embedded
#        Workbench\STM32F4xx_DSP_StdPeriph_Lib\Project\STM32F4xx_StdPeriph_Examples\GPIO\JTAG_Remap\STM324x7I_EVAL\Obj\startup_stm32f427x.o"
#        "C:\Users\Alex\Documents\IAR Embedded
#        Workbench\STM32F4xx_DSP_StdPeriph_Lib\Project\STM32F4xx_StdPeriph_Examples\GPIO\JTAG_Remap\STM324x7I_EVAL\Obj\stm324x7i_eval.o"
#        "C:\Users\Alex\Documents\IAR Embedded
#        Workbench\STM32F4xx_DSP_StdPeriph_Lib\Project\STM32F4xx_StdPeriph_Examples\GPIO\JTAG_Remap\STM324x7I_EVAL\Obj\stm324x7i_eval_fsmc_sram.o"
#        "C:\Users\Alex\Documents\IAR Embedded
#        Workbench\STM32F4xx_DSP_StdPeriph_Lib\Project\STM32F4xx_StdPeriph_Examples\GPIO\JTAG_Remap\STM324x7I_EVAL\Obj\stm324x7i_eval_ioe.o"
#        "C:\Users\Alex\Documents\IAR Embedded
#        Workbench\STM32F4xx_DSP_StdPeriph_Lib\Project\STM32F4xx_StdPeriph_Examples\GPIO\JTAG_Remap\STM324x7I_EVAL\Obj\stm324x7i_eval_lcd.o"
#        "C:\Users\Alex\Documents\IAR Embedded
#        Workbench\STM32F4xx_DSP_StdPeriph_Lib\Project\STM32F4xx_StdPeriph_Examples\GPIO\JTAG_Remap\STM324x7I_EVAL\Obj\stm32f4xx_adc.o"
#        "C:\Users\Alex\Documents\IAR Embedded
#        Workbench\STM32F4xx_DSP_StdPeriph_Lib\Project\STM32F4xx_StdPeriph_Examples\GPIO\JTAG_Remap\STM324x7I_EVAL\Obj\stm32f4xx_can.o"
#        "C:\Users\Alex\Documents\IAR Embedded
#        Workbench\STM32F4xx_DSP_StdPeriph_Lib\Project\STM32F4xx_StdPeriph_Examples\GPIO\JTAG_Remap\STM324x7I_EVAL\Obj\stm32f4xx_crc.o"
#        "C:\Users\Alex\Documents\IAR Embedded
#        Workbench\STM32F4xx_DSP_StdPeriph_Lib\Project\STM32F4xx_StdPeriph_Examples\GPIO\JTAG_Remap\STM324x7I_EVAL\Obj\stm32f4xx_cryp.o"
#        "C:\Users\Alex\Documents\IAR Embedded
#        Workbench\STM32F4xx_DSP_StdPeriph_Lib\Project\STM32F4xx_StdPeriph_Examples\GPIO\JTAG_Remap\STM324x7I_EVAL\Obj\stm32f4xx_cryp_aes.o"
#        "C:\Users\Alex\Documents\IAR Embedded
#        Workbench\STM32F4xx_DSP_StdPeriph_Lib\Project\STM32F4xx_StdPeriph_Examples\GPIO\JTAG_Remap\STM324x7I_EVAL\Obj\stm32f4xx_cryp_des.o"
#        "C:\Users\Alex\Documents\IAR Embedded
#        Workbench\STM32F4xx_DSP_StdPeriph_Lib\Project\STM32F4xx_StdPeriph_Examples\GPIO\JTAG_Remap\STM324x7I_EVAL\Obj\stm32f4xx_cryp_tdes.o"
#        "C:\Users\Alex\Documents\IAR Embedded
#        Workbench\STM32F4xx_DSP_StdPeriph_Lib\Project\STM32F4xx_StdPeriph_Examples\GPIO\JTAG_Remap\STM324x7I_EVAL\Obj\stm32f4xx_dac.o"
#        "C:\Users\Alex\Documents\IAR Embedded
#        Workbench\STM32F4xx_DSP_StdPeriph_Lib\Project\STM32F4xx_StdPeriph_Examples\GPIO\JTAG_Remap\STM324x7I_EVAL\Obj\stm32f4xx_dbgmcu.o"
#        "C:\Users\Alex\Documents\IAR Embedded
#        Workbench\STM32F4xx_DSP_StdPeriph_Lib\Project\STM32F4xx_StdPeriph_Examples\GPIO\JTAG_Remap\STM324x7I_EVAL\Obj\stm32f4xx_dcmi.o"
#        "C:\Users\Alex\Documents\IAR Embedded
#        Workbench\STM32F4xx_DSP_StdPeriph_Lib\Project\STM32F4xx_StdPeriph_Examples\GPIO\JTAG_Remap\STM324x7I_EVAL\Obj\stm32f4xx_dma.o"
#        "C:\Users\Alex\Documents\IAR Embedded
#        Workbench\STM32F4xx_DSP_StdPeriph_Lib\Project\STM32F4xx_StdPeriph_Examples\GPIO\JTAG_Remap\STM324x7I_EVAL\Obj\stm32f4xx_exti.o"
#        "C:\Users\Alex\Documents\IAR Embedded
#        Workbench\STM32F4xx_DSP_StdPeriph_Lib\Project\STM32F4xx_StdPeriph_Examples\GPIO\JTAG_Remap\STM324x7I_EVAL\Obj\stm32f4xx_flash.o"
#        "C:\Users\Alex\Documents\IAR Embedded
#        Workbench\STM32F4xx_DSP_StdPeriph_Lib\Project\STM32F4xx_StdPeriph_Examples\GPIO\JTAG_Remap\STM324x7I_EVAL\Obj\stm32f4xx_fsmc.o"
#        "C:\Users\Alex\Documents\IAR Embedded
#        Workbench\STM32F4xx_DSP_StdPeriph_Lib\Project\STM32F4xx_StdPeriph_Examples\GPIO\JTAG_Remap\STM324x7I_EVAL\Obj\stm32f4xx_gpio.o"
#        "C:\Users\Alex\Documents\IAR Embedded
#        Workbench\STM32F4xx_DSP_StdPeriph_Lib\Project\STM32F4xx_StdPeriph_Examples\GPIO\JTAG_Remap\STM324x7I_EVAL\Obj\stm32f4xx_hash.o"
#        "C:\Users\Alex\Documents\IAR Embedded
#        Workbench\STM32F4xx_DSP_StdPeriph_Lib\Project\STM32F4xx_StdPeriph_Examples\GPIO\JTAG_Remap\STM324x7I_EVAL\Obj\stm32f4xx_hash_md5.o"
#        "C:\Users\Alex\Documents\IAR Embedded
#        Workbench\STM32F4xx_DSP_StdPeriph_Lib\Project\STM32F4xx_StdPeriph_Examples\GPIO\JTAG_Remap\STM324x7I_EVAL\Obj\stm32f4xx_hash_sha1.o"
#        "C:\Users\Alex\Documents\IAR Embedded
#        Workbench\STM32F4xx_DSP_StdPeriph_Lib\Project\STM32F4xx_StdPeriph_Examples\GPIO\JTAG_Remap\STM324x7I_EVAL\Obj\stm32f4xx_i2c.o"
#        "C:\Users\Alex\Documents\IAR Embedded
#        Workbench\STM32F4xx_DSP_StdPeriph_Lib\Project\STM32F4xx_StdPeriph_Examples\GPIO\JTAG_Remap\STM324x7I_EVAL\Obj\stm32f4xx_it.o"
#        "C:\Users\Alex\Documents\IAR Embedded
#        Workbench\STM32F4xx_DSP_StdPeriph_Lib\Project\STM32F4xx_StdPeriph_Examples\GPIO\JTAG_Remap\STM324x7I_EVAL\Obj\stm32f4xx_iwdg.o"
#        "C:\Users\Alex\Documents\IAR Embedded
#        Workbench\STM32F4xx_DSP_StdPeriph_Lib\Project\STM32F4xx_StdPeriph_Examples\GPIO\JTAG_Remap\STM324x7I_EVAL\Obj\stm32f4xx_pwr.o"
#        "C:\Users\Alex\Documents\IAR Embedded
#        Workbench\STM32F4xx_DSP_StdPeriph_Lib\Project\STM32F4xx_StdPeriph_Examples\GPIO\JTAG_Remap\STM324x7I_EVAL\Obj\stm32f4xx_rcc.o"
#        "C:\Users\Alex\Documents\IAR Embedded
#        Workbench\STM32F4xx_DSP_StdPeriph_Lib\Project\STM32F4xx_StdPeriph_Examples\GPIO\JTAG_Remap\STM324x7I_EVAL\Obj\stm32f4xx_rng.o"
#        "C:\Users\Alex\Documents\IAR Embedded
#        Workbench\STM32F4xx_DSP_StdPeriph_Lib\Project\STM32F4xx_StdPeriph_Examples\GPIO\JTAG_Remap\STM324x7I_EVAL\Obj\stm32f4xx_rtc.o"
#        "C:\Users\Alex\Documents\IAR Embedded
#        Workbench\STM32F4xx_DSP_StdPeriph_Lib\Project\STM32F4xx_StdPeriph_Examples\GPIO\JTAG_Remap\STM324x7I_EVAL\Obj\stm32f4xx_sdio.o"
#        "C:\Users\Alex\Documents\IAR Embedded
#        Workbench\STM32F4xx_DSP_StdPeriph_Lib\Project\STM32F4xx_StdPeriph_Examples\GPIO\JTAG_Remap\STM324x7I_EVAL\Obj\stm32f4xx_spi.o"
#        "C:\Users\Alex\Documents\IAR Embedded
#        Workbench\STM32F4xx_DSP_StdPeriph_Lib\Project\STM32F4xx_StdPeriph_Examples\GPIO\JTAG_Remap\STM324x7I_EVAL\Obj\stm32f4xx_syscfg.o"
#        "C:\Users\Alex\Documents\IAR Embedded
#        Workbench\STM32F4xx_DSP_StdPeriph_Lib\Project\STM32F4xx_StdPeriph_Examples\GPIO\JTAG_Remap\STM324x7I_EVAL\Obj\stm32f4xx_tim.o"
#        "C:\Users\Alex\Documents\IAR Embedded
#        Workbench\STM32F4xx_DSP_StdPeriph_Lib\Project\STM32F4xx_StdPeriph_Examples\GPIO\JTAG_Remap\STM324x7I_EVAL\Obj\stm32f4xx_usart.o"
#        "C:\Users\Alex\Documents\IAR Embedded
#        Workbench\STM32F4xx_DSP_StdPeriph_Lib\Project\STM32F4xx_StdPeriph_Examples\GPIO\JTAG_Remap\STM324x7I_EVAL\Obj\stm32f4xx_wwdg.o"
#        "C:\Users\Alex\Documents\IAR Embedded
#        Workbench\STM32F4xx_DSP_StdPeriph_Lib\Project\STM32F4xx_StdPeriph_Examples\GPIO\JTAG_Remap\STM324x7I_EVAL\Obj\system_stm32f4xx.o"
#        --redirect _Printf=_PrintfSmall --redirect _Scanf=_ScanfSmall -o
#        "C:\Users\Alex\Documents\IAR Embedded
#        Workbench\STM32F4xx_DSP_StdPeriph_Lib\Project\STM32F4xx_StdPeriph_Examples\GPIO\JTAG_Remap\STM324x7I_EVAL\Exe\Project.out"
#        --map "C:\Users\Alex\Documents\IAR Embedded
#        Workbench\STM32F4xx_DSP_StdPeriph_Lib\Project\STM32F4xx_StdPeriph_Examples\GPIO\JTAG_Remap\STM324x7I_EVAL\List\Project.map"
#        --config "C:\Program Files\IAR Systems\Embedded Workbench
#        7.0\arm\config\linker\ST\stm32f437xI.icf" --semihosting --entry
#        __iar_program_start --vfe
#
###############################################################################

*******************************************************************************
*** RUNTIME MODEL ATTRIBUTES
***

CppFlavor       = *
__SystemLibrary = DLib


*******************************************************************************
*** PLACEMENT SUMMARY
***

"A1":  place at 0x08000000 { ro section .intvec };
"P1":  place in [from 0x08000000 to 0x081fffff] { ro };
"P2":  place in [from 0x20000000 to 0x2002ffff] { rw, block CSTACK, block HEAP };

  Section            Kind        Address    Size  Object
  -------            ----        -------    ----  ------
"A1":                                      0x19c
  .intvec            ro code  0x08000000   0x19c  startup_stm32f427x.o [1]
                            - 0x0800019c   0x19c

"P1":                                      0x7cc
  .text              ro code  0x0800019c   0x178  stm324x7i_eval.o [1]
  .text              ro code  0x08000314    0x96  stm32f4xx_gpio.o [1]
  .text              ro code  0x080003aa    0x2e  copy_init3.o [5]
  .text              ro code  0x080003d8    0x28  stm32f4xx_syscfg.o [1]
  .text              ro code  0x08000400    0x6c  stm32f4xx_exti.o [1]
  .text              ro code  0x0800046c    0x6c  misc.o [1]
  .text              ro code  0x080004d8    0x2c  stm32f4xx_rcc.o [1]
  .text              ro code  0x08000504   0x120  main.o [1]
  .text              ro code  0x08000624    0xf0  system_stm32f4xx.o [1]
  .text              ro code  0x08000714    0x28  data_init.o [5]
  .text              ro code  0x0800073c    0x22  fpinit_M.o [4]
  .iar.init_table    const    0x08000760    0x14  - Linker created -
  .text              ro code  0x08000774    0x12  stm32f4xx_it.o [1]
  .text              ro code  0x08000788    0x1a  cmain.o [5]
  .text              ro code  0x080007a2     0x4  low_level_init.o [3]
  .text              ro code  0x080007a6     0x4  exit.o [3]
  .text              ro code  0x080007ac     0xa  cexit.o [5]
  .text              ro code  0x080007b8    0x14  exit.o [6]
  .text              ro code  0x080007cc    0x10  startup_stm32f427x.o [1]
  .text              ro code  0x080007dc     0xc  cstartup_M.o [5]
  .text              ro code  0x080007e8     0x4  startup_stm32f427x.o [1]
  .text              ro code  0x080007ec     0x4  startup_stm32f427x.o [1]
  .text              ro code  0x080007f0     0x4  startup_stm32f427x.o [1]
  .text              ro code  0x080007f4     0x4  startup_stm32f427x.o [1]
  .text              ro code  0x080007f8     0x4  startup_stm32f427x.o [1]
  .text              ro code  0x080007fc     0x4  startup_stm32f427x.o [1]
  .text              ro code  0x08000800     0x4  startup_stm32f427x.o [1]
  .text              ro code  0x08000804     0x4  startup_stm32f427x.o [1]
  .text              ro code  0x08000808     0x4  startup_stm32f427x.o [1]
  .text              ro code  0x0800080c     0x4  startup_stm32f427x.o [1]
  .text              ro code  0x08000810     0x4  startup_stm32f427x.o [1]
  .text              ro code  0x08000814     0x4  startup_stm32f427x.o [1]
  .text              ro code  0x08000818     0x4  startup_stm32f427x.o [1]
  .text              ro code  0x0800081c     0x4  startup_stm32f427x.o [1]
  .text              ro code  0x08000820     0x4  startup_stm32f427x.o [1]
  .text              ro code  0x08000824     0x4  startup_stm32f427x.o [1]
  .text              ro code  0x08000828     0x4  startup_stm32f427x.o [1]
  .text              ro code  0x0800082c     0x4  startup_stm32f427x.o [1]
  .text              ro code  0x08000830     0x4  startup_stm32f427x.o [1]
  .text              ro code  0x08000834     0x4  startup_stm32f427x.o [1]
  .text              ro code  0x08000838     0x4  startup_stm32f427x.o [1]
  .text              ro code  0x0800083c     0x4  startup_stm32f427x.o [1]
  .text              ro code  0x08000840     0x4  startup_stm32f427x.o [1]
  .text              ro code  0x08000844     0x4  startup_stm32f427x.o [1]
  .text              ro code  0x08000848     0x4  startup_stm32f427x.o [1]
  .text              ro code  0x0800084c     0x4  startup_stm32f427x.o [1]
  .text              ro code  0x08000850     0x4  startup_stm32f427x.o [1]
  .text              ro code  0x08000854     0x4  startup_stm32f427x.o [1]
  .text              ro code  0x08000858     0x4  startup_stm32f427x.o [1]
  .text              ro code  0x0800085c     0x4  startup_stm32f427x.o [1]
  .text              ro code  0x08000860     0x4  startup_stm32f427x.o [1]
  .text              ro code  0x08000864     0x4  startup_stm32f427x.o [1]
  .text              ro code  0x08000868     0x4  startup_stm32f427x.o [1]
  .text              ro code  0x0800086c     0x4  startup_stm32f427x.o [1]
  .text              ro code  0x08000870     0x4  startup_stm32f427x.o [1]
  .text              ro code  0x08000874     0x4  startup_stm32f427x.o [1]
  .text              ro code  0x08000878     0x4  startup_stm32f427x.o [1]
  .text              ro code  0x0800087c     0x4  startup_stm32f427x.o [1]
  .text              ro code  0x08000880     0x4  startup_stm32f427x.o [1]
  .text              ro code  0x08000884     0x4  startup_stm32f427x.o [1]
  .text              ro code  0x08000888     0x4  startup_stm32f427x.o [1]
  .text              ro code  0x0800088c     0x4  startup_stm32f427x.o [1]
  .text              ro code  0x08000890     0x4  startup_stm32f427x.o [1]
  .text              ro code  0x08000894     0x4  startup_stm32f427x.o [1]
  .text              ro code  0x08000898     0x4  startup_stm32f427x.o [1]
  .text              ro code  0x0800089c     0x4  startup_stm32f427x.o [1]
  .text              ro code  0x080008a0     0x4  startup_stm32f427x.o [1]
  .text              ro code  0x080008a4     0x4  startup_stm32f427x.o [1]
  .text              ro code  0x080008a8     0x4  startup_stm32f427x.o [1]
  .text              ro code  0x080008ac     0x4  startup_stm32f427x.o [1]
  .text              ro code  0x080008b0     0x4  startup_stm32f427x.o [1]
  .text              ro code  0x080008b4     0x4  startup_stm32f427x.o [1]
  .text              ro code  0x080008b8     0x4  startup_stm32f427x.o [1]
  .text              ro code  0x080008bc     0x4  startup_stm32f427x.o [1]
  .text              ro code  0x080008c0     0x4  startup_stm32f427x.o [1]
  .text              ro code  0x080008c4     0x4  startup_stm32f427x.o [1]
  .text              ro code  0x080008c8     0x4  startup_stm32f427x.o [1]
  .text              ro code  0x080008cc     0x4  startup_stm32f427x.o [1]
  .text              ro code  0x080008d0     0x4  startup_stm32f427x.o [1]
  .text              ro code  0x080008d4     0x4  startup_stm32f427x.o [1]
  .text              ro code  0x080008d8     0x4  startup_stm32f427x.o [1]
  .text              ro code  0x080008dc     0x4  startup_stm32f427x.o [1]
  .text              ro code  0x080008e0     0x4  startup_stm32f427x.o [1]
  .text              ro code  0x080008e4     0x4  startup_stm32f427x.o [1]
  .text              ro code  0x080008e8     0x4  startup_stm32f427x.o [1]
  .text              ro code  0x080008ec     0x4  startup_stm32f427x.o [1]
  .text              ro code  0x080008f0     0x4  startup_stm32f427x.o [1]
  .text              ro code  0x080008f4     0x4  startup_stm32f427x.o [1]
  .text              ro code  0x080008f8     0x4  startup_stm32f427x.o [1]
  .text              ro code  0x080008fc     0x4  startup_stm32f427x.o [1]
  .text              ro code  0x08000900     0x4  startup_stm32f427x.o [1]
  .text              ro code  0x08000904     0x4  startup_stm32f427x.o [1]
  .text              ro code  0x08000908     0x4  startup_stm32f427x.o [1]
  .text              ro code  0x0800090c     0x4  startup_stm32f427x.o [1]
  .text              ro code  0x08000910     0x4  startup_stm32f427x.o [1]
  .text              ro code  0x08000914     0x4  startup_stm32f427x.o [1]
  .text              ro code  0x08000918     0x4  startup_stm32f427x.o [1]
  .text              ro code  0x0800091c     0x4  startup_stm32f427x.o [1]
  .text              ro code  0x08000920     0x4  startup_stm32f427x.o [1]
  .text              ro code  0x08000924     0x4  startup_stm32f427x.o [1]
  .text              ro code  0x08000928     0x4  startup_stm32f427x.o [1]
  .text              ro code  0x0800092c     0x4  startup_stm32f427x.o [1]
  .text              ro code  0x08000930     0x4  startup_stm32f427x.o [1]
  .text              ro code  0x08000934     0x4  startup_stm32f427x.o [1]
  .text              ro code  0x08000938     0x4  startup_stm32f427x.o [1]
  .text              ro code  0x0800093c     0x4  startup_stm32f427x.o [1]
  .text              ro code  0x08000940     0x4  startup_stm32f427x.o [1]
  .rodata            const    0x08000944     0x0  copy_init3.o [5]
  Initializer bytes  const    0x08000944    0x24  <for P2 s0>
                            - 0x08000968   0x7cc

"P2":                                     0x2028
  P2 s0                       0x20000000    0x24  <Init block>
    .data            inited   0x20000000    0x10  stm324x7i_eval.o [1]
    .data            inited   0x20000010     0xc  stm324x7i_eval.o [1]
    .bss             inited   0x2000001c     0x8  main.o [1]
  CSTACK                      0x20000028  0x2000  <Block>
    CSTACK           uninit   0x20000028  0x2000  <Block tail>
                            - 0x20002028  0x2028


*******************************************************************************
*** INIT TABLE
***

          Address     Size
          -------     ----
Copy (__iar_copy_init3)
    1 source range, total size 0x24:
          0x08000944  0x24
    1 destination range, total size 0x24:
          0x20000000  0x24



*******************************************************************************
*** MODULE SUMMARY
***

    Module                ro code  ro data  rw data
    ------                -------  -------  -------
C:\Users\Alex\Documents\IAR Embedded Workbench\STM32F4xx_DSP_StdPeriph_Lib\Project\STM32F4xx_StdPeriph_Examples\GPIO\JTAG_Remap\STM324x7I_EVAL\Obj: [1]
    main.o                    288        8        8
    misc.o                    108
    startup_stm32f427x.o      776
    stm324x7i_eval.o          376       28       28
    stm32f4xx_exti.o          108
    stm32f4xx_gpio.o          150
    stm32f4xx_it.o             18
    stm32f4xx_rcc.o            44
    stm32f4xx_syscfg.o         40
    system_stm32f4xx.o        240
    -----------------------------------------------
    Total:                  2 148       36       36

command line: [2]
    -----------------------------------------------
    Total:

dl7M_tln.a: [3]
    exit.o                      4
    low_level_init.o            4
    -----------------------------------------------
    Total:                      8

m7M_tls.a: [4]
    fpinit_M.o                 34
    -----------------------------------------------
    Total:                     34

rt7M_tl.a: [5]
    cexit.o                    10
    cmain.o                    26
    copy_init3.o               46
    cstartup_M.o               12
    data_init.o                40
    -----------------------------------------------
    Total:                    134

shb_l.a: [6]
    exit.o                     20
    -----------------------------------------------
    Total:                     20

    Gaps                        6        2
    Linker created                      20    8 192
---------------------------------------------------
    Grand Total:            2 350       58    8 228


*******************************************************************************
*** ENTRY LIST
***

Entry                      Address  Size  Type      Object
-----                      -------  ----  ----      ------
.iar.init_table$$Base   0x08000760         --   Gb  - Linker created -
.iar.init_table$$Limit  0x08000774         --   Gb  - Linker created -
?main                   0x08000789        Code  Gb  cmain.o [5]
BUTTON_CLK              0x080002e8   0xc  Data  Gb  stm324x7i_eval.o [1]
BUTTON_EXTI_LINE        0x080002f4   0x8  Data  Gb  stm324x7i_eval.o [1]
BUTTON_IRQn             0x0800030c   0x8  Data  Gb  stm324x7i_eval.o [1]
BUTTON_PIN              0x080002e0   0x8  Data  Gb  stm324x7i_eval.o [1]
BUTTON_PIN_SOURCE       0x08000304   0x8  Data  Gb  stm324x7i_eval.o [1]
BUTTON_PORT             0x20000010   0xc  Data  Gb  stm324x7i_eval.o [1]
BUTTON_PORT_SOURCE      0x080002fc   0x8  Data  Gb  stm324x7i_eval.o [1]
BusFault_Handler        0x0800077b   0x2  Code  Gb  stm32f4xx_it.o [1]
CSTACK$$Base            0x20000028         --   Gb  - Linker created -
CSTACK$$Limit           0x20002028         --   Gb  - Linker created -
DebugMon_Handler        0x08000781   0x2  Code  Gb  stm32f4xx_it.o [1]
Delay                   0x08000611  0x14  Code  Gb  main.o [1]
EXTI_Init               0x08000401  0x66  Code  Gb  stm32f4xx_exti.o [1]
GPIO_CLK                0x080002d0  0x10  Data  Gb  stm324x7i_eval.o [1]
GPIO_Init               0x08000315  0x70  Code  Gb  stm32f4xx_gpio.o [1]
GPIO_InitStructure      0x2000001c   0x8  Data  Gb  main.o [1]
GPIO_PIN                0x080002c8   0x8  Data  Gb  stm324x7i_eval.o [1]
GPIO_PORT               0x20000000  0x10  Data  Gb  stm324x7i_eval.o [1]
GPIO_ReadInputDataBit   0x08000385   0xe  Code  Gb  stm32f4xx_gpio.o [1]
GPIO_ReadOutputDataBit  0x08000393   0xe  Code  Gb  stm32f4xx_gpio.o [1]
GPIO_WriteBit           0x080003a1   0xa  Code  Gb  stm32f4xx_gpio.o [1]
HardFault_Handler       0x08000777   0x2  Code  Gb  stm32f4xx_it.o [1]
MemManage_Handler       0x08000779   0x2  Code  Gb  stm32f4xx_it.o [1]
NMI_Handler             0x08000775   0x2  Code  Gb  stm32f4xx_it.o [1]
NVIC_Init               0x0800046d  0x5a  Code  Gb  misc.o [1]
PendSV_Handler          0x08000783   0x2  Code  Gb  stm32f4xx_it.o [1]
RCC_AHB1PeriphClockCmd  0x080004d9  0x12  Code  Gb  stm32f4xx_rcc.o [1]
RCC_APB2PeriphClockCmd  0x080004eb  0x12  Code  Gb  stm32f4xx_rcc.o [1]
Region$$Table$$Base     0x08000760         --   Gb  - Linker created -
Region$$Table$$Limit    0x08000774         --   Gb  - Linker created -
STM_EVAL_LEDInit        0x0800019d  0x32  Code  Gb  stm324x7i_eval.o [1]
STM_EVAL_LEDOn          0x080001cf  0x14  Code  Gb  stm324x7i_eval.o [1]
STM_EVAL_PBGetState     0x0800028f  0x14  Code  Gb  stm324x7i_eval.o [1]
STM_EVAL_PBInit         0x080001e3  0xa2  Code  Gb  stm324x7i_eval.o [1]
SVC_Handler             0x0800077f   0x2  Code  Gb  stm32f4xx_it.o [1]
SYSCFG_EXTILineConfig   0x080003d9  0x22  Code  Gb  stm32f4xx_syscfg.o [1]
SysTick_Handler         0x08000785   0x2  Code  Gb  stm32f4xx_it.o [1]
SystemInit              0x08000625  0xce  Code  Gb  system_stm32f4xx.o [1]
UsageFault_Handler      0x0800077d   0x2  Code  Gb  stm32f4xx_it.o [1]
__cmain                 0x08000789        Code  Gb  cmain.o [5]
__exit                  0x080007b9  0x14  Code  Gb  exit.o [6]
__iar_copy_init3        0x080003ab  0x2e  Code  Gb  copy_init3.o [5]
__iar_data_init3        0x08000715  0x28  Code  Gb  data_init.o [5]
__iar_init_vfp          0x0800073d        Code  Gb  fpinit_M.o [4]
__iar_program_start     0x080007dd        Code  Gb  cstartup_M.o [5]
__low_level_init        0x080007a3   0x4  Code  Gb  low_level_init.o [3]
__vector_table          0x08000000        Data  Gb  startup_stm32f427x.o [1]
_call_main              0x08000795        Code  Gb  cmain.o [5]
_exit                   0x080007ad        Code  Gb  cexit.o [5]
_main                   0x0800079f        Code  Gb  cmain.o [5]
exit                    0x080007a7   0x4  Code  Gb  exit.o [3]
main                    0x08000505  0xee  Code  Gb  main.o [1]


[1] = C:\Users\Alex\Documents\IAR Embedded Workbench\STM32F4xx_DSP_StdPeriph_Lib\Project\STM32F4xx_StdPeriph_Examples\GPIO\JTAG_Remap\STM324x7I_EVAL\Obj
[2] = command line
[3] = dl7M_tln.a
[4] = m7M_tls.a
[5] = rt7M_tl.a
[6] = shb_l.a

  2 350 bytes of readonly  code memory
     58 bytes of readonly  data memory
  8 228 bytes of readwrite data memory

Errors: none
Warnings: none
