###############################################################################
#
# IAR ELF Linker V7.30.4.8167/W32 for ARM                 10/Mar/2015  01:30:17
# Copyright 2007-2014 IAR Systems AB.
#
#    Output file  =  
#        E:\Proiecte\Licenta\Licenta
#        SW\IO_Toggle\STM324x9I_EVAL\Exe\Project.out
#    Map file     =  
#        E:\Proiecte\Licenta\Licenta
#        SW\IO_Toggle\STM324x9I_EVAL\List\Project.map
#    Command line =  
#        "E:\Proiecte\Licenta\Licenta SW\IO_Toggle\STM324x9I_EVAL\Obj\main.o"
#        "E:\Proiecte\Licenta\Licenta SW\IO_Toggle\STM324x9I_EVAL\Obj\misc.o"
#        "E:\Proiecte\Licenta\Licenta
#        SW\IO_Toggle\STM324x9I_EVAL\Obj\startup_stm32f429x.o"
#        "E:\Proiecte\Licenta\Licenta
#        SW\IO_Toggle\STM324x9I_EVAL\Obj\stm324x9i_eval.o"
#        "E:\Proiecte\Licenta\Licenta
#        SW\IO_Toggle\STM324x9I_EVAL\Obj\stm324x9i_eval_fmc_sdram.o"
#        "E:\Proiecte\Licenta\Licenta
#        SW\IO_Toggle\STM324x9I_EVAL\Obj\stm32f4xx_adc.o"
#        "E:\Proiecte\Licenta\Licenta
#        SW\IO_Toggle\STM324x9I_EVAL\Obj\stm32f4xx_can.o"
#        "E:\Proiecte\Licenta\Licenta
#        SW\IO_Toggle\STM324x9I_EVAL\Obj\stm32f4xx_crc.o"
#        "E:\Proiecte\Licenta\Licenta
#        SW\IO_Toggle\STM324x9I_EVAL\Obj\stm32f4xx_cryp.o"
#        "E:\Proiecte\Licenta\Licenta
#        SW\IO_Toggle\STM324x9I_EVAL\Obj\stm32f4xx_cryp_aes.o"
#        "E:\Proiecte\Licenta\Licenta
#        SW\IO_Toggle\STM324x9I_EVAL\Obj\stm32f4xx_cryp_des.o"
#        "E:\Proiecte\Licenta\Licenta
#        SW\IO_Toggle\STM324x9I_EVAL\Obj\stm32f4xx_cryp_tdes.o"
#        "E:\Proiecte\Licenta\Licenta
#        SW\IO_Toggle\STM324x9I_EVAL\Obj\stm32f4xx_dac.o"
#        "E:\Proiecte\Licenta\Licenta
#        SW\IO_Toggle\STM324x9I_EVAL\Obj\stm32f4xx_dbgmcu.o"
#        "E:\Proiecte\Licenta\Licenta
#        SW\IO_Toggle\STM324x9I_EVAL\Obj\stm32f4xx_dcmi.o"
#        "E:\Proiecte\Licenta\Licenta
#        SW\IO_Toggle\STM324x9I_EVAL\Obj\stm32f4xx_dma.o"
#        "E:\Proiecte\Licenta\Licenta
#        SW\IO_Toggle\STM324x9I_EVAL\Obj\stm32f4xx_dma2d.o"
#        "E:\Proiecte\Licenta\Licenta
#        SW\IO_Toggle\STM324x9I_EVAL\Obj\stm32f4xx_exti.o"
#        "E:\Proiecte\Licenta\Licenta
#        SW\IO_Toggle\STM324x9I_EVAL\Obj\stm32f4xx_flash.o"
#        "E:\Proiecte\Licenta\Licenta
#        SW\IO_Toggle\STM324x9I_EVAL\Obj\stm32f4xx_fmc.o"
#        "E:\Proiecte\Licenta\Licenta
#        SW\IO_Toggle\STM324x9I_EVAL\Obj\stm32f4xx_gpio.o"
#        "E:\Proiecte\Licenta\Licenta
#        SW\IO_Toggle\STM324x9I_EVAL\Obj\stm32f4xx_hash.o"
#        "E:\Proiecte\Licenta\Licenta
#        SW\IO_Toggle\STM324x9I_EVAL\Obj\stm32f4xx_hash_md5.o"
#        "E:\Proiecte\Licenta\Licenta
#        SW\IO_Toggle\STM324x9I_EVAL\Obj\stm32f4xx_hash_sha1.o"
#        "E:\Proiecte\Licenta\Licenta
#        SW\IO_Toggle\STM324x9I_EVAL\Obj\stm32f4xx_i2c.o"
#        "E:\Proiecte\Licenta\Licenta
#        SW\IO_Toggle\STM324x9I_EVAL\Obj\stm32f4xx_it.o"
#        "E:\Proiecte\Licenta\Licenta
#        SW\IO_Toggle\STM324x9I_EVAL\Obj\stm32f4xx_iwdg.o"
#        "E:\Proiecte\Licenta\Licenta
#        SW\IO_Toggle\STM324x9I_EVAL\Obj\stm32f4xx_ltdc.o"
#        "E:\Proiecte\Licenta\Licenta
#        SW\IO_Toggle\STM324x9I_EVAL\Obj\stm32f4xx_pwr.o"
#        "E:\Proiecte\Licenta\Licenta
#        SW\IO_Toggle\STM324x9I_EVAL\Obj\stm32f4xx_rcc.o"
#        "E:\Proiecte\Licenta\Licenta
#        SW\IO_Toggle\STM324x9I_EVAL\Obj\stm32f4xx_rng.o"
#        "E:\Proiecte\Licenta\Licenta
#        SW\IO_Toggle\STM324x9I_EVAL\Obj\stm32f4xx_rtc.o"
#        "E:\Proiecte\Licenta\Licenta
#        SW\IO_Toggle\STM324x9I_EVAL\Obj\stm32f4xx_sai.o"
#        "E:\Proiecte\Licenta\Licenta
#        SW\IO_Toggle\STM324x9I_EVAL\Obj\stm32f4xx_sdio.o"
#        "E:\Proiecte\Licenta\Licenta
#        SW\IO_Toggle\STM324x9I_EVAL\Obj\stm32f4xx_spi.o"
#        "E:\Proiecte\Licenta\Licenta
#        SW\IO_Toggle\STM324x9I_EVAL\Obj\stm32f4xx_syscfg.o"
#        "E:\Proiecte\Licenta\Licenta
#        SW\IO_Toggle\STM324x9I_EVAL\Obj\stm32f4xx_tim.o"
#        "E:\Proiecte\Licenta\Licenta
#        SW\IO_Toggle\STM324x9I_EVAL\Obj\stm32f4xx_usart.o"
#        "E:\Proiecte\Licenta\Licenta
#        SW\IO_Toggle\STM324x9I_EVAL\Obj\stm32f4xx_wwdg.o"
#        "E:\Proiecte\Licenta\Licenta
#        SW\IO_Toggle\STM324x9I_EVAL\Obj\system_stm32f4xx.o" --redirect
#        _Printf=_PrintfSmall --redirect _Scanf=_ScanfSmall -o
#        "E:\Proiecte\Licenta\Licenta
#        SW\IO_Toggle\STM324x9I_EVAL\Exe\Project.out" --map
#        "E:\Proiecte\Licenta\Licenta
#        SW\IO_Toggle\STM324x9I_EVAL\List\Project.map" --config "C:\Program
#        Files\IAR Systems\Embedded Workbench
#        7.0\arm\config\linker\ST\stm32f427xI.icf" --semihosting --entry
#        __iar_program_start --vfe
#
###############################################################################

*******************************************************************************
*** RUNTIME MODEL ATTRIBUTES
***

CppFlavor                     = *
__Heap_Handler                = Basic
__SystemLibrary               = DLib
__dlib_dynamic_initialization = normal


*******************************************************************************
*** PLACEMENT SUMMARY
***

"A1":  place at 0x08000000 { ro section .intvec };
"P1":  place in [from 0x08000000 to 0x081fffff] { ro };
"P2":  place in [from 0x20000000 to 0x2002ffff] { rw, block CSTACK, block HEAP };

  Section             Kind        Address    Size  Object
  -------             ----        -------    ----  ------
"A1":                                       0x1ac
  .intvec             ro code  0x08000000   0x1ac  startup_stm32f429x.o [1]
                             - 0x080001ac   0x1ac

"P1":                                      0x33bc
  .text               ro code  0x080001ac  0x193c  main.o [1]
  .text               ro code  0x08001ae8    0xaa  stm32f4xx_gpio.o [1]
  .text               ro code  0x08001b92    0x22  zero_init3.o [5]
  .text               ro code  0x08001bb4    0x34  sprintf.o [3]
  .text               ro code  0x08001be8    0x66  stm32f4xx_spi.o [1]
  .text               ro code  0x08001c4e     0xa  xsprout.o [3]
  .text               ro code  0x08001c58    0x58  stm32f4xx_rcc.o [1]
  .text               ro code  0x08001cb0   0x118  stm32f4xx_adc.o [1]
  .text               ro code  0x08001dc8   0x118  stm32f4xx_dma.o [1]
  .text               ro code  0x08001ee0    0x2c  I32ToDbl.o [4]
  .text               ro code  0x08001f0c   0x1a2  DblMul.o [4]
  .text               ro code  0x080020b0    0x2c  DblToI32.o [4]
  .text               ro code  0x080020dc    0xa6  stm32f4xx_tim.o [1]
  .text               ro code  0x08002184   0x11c  stm32f4xx_fmc.o [1]
  .text               ro code  0x080022a0     0x6  ABImemclr4.o [5]
  .text               ro code  0x080022a8    0xb4  system_stm32f4xx.o [1]
  .text               ro code  0x0800235c   0x7a4  xprintfsmall.o [3]
  .text               ro code  0x08002b00    0x32  ABImemset48.o [5]
  .text               ro code  0x08002b32    0x20  xmbtowc.o [3]
  .text               ro code  0x08002b54    0x16  strchr.o [5]
  .text               ro code  0x08002b6c    0x36  strlen.o [5]
  .text               ro code  0x08002ba4    0x58  memchr.o [5]
  .text               ro code  0x08002bfc     0xa  xmbcurmax.o [3]
  .text               ro code  0x08002c08    0xb0  xxmemxmalloc.o [3]
  .text               ro code  0x08002cb8    0x1a  xwctomb.o [3]
  .text               ro code  0x08002cd4    0x76  ABImemcpy_unaligned.o [5]
  .text               ro code  0x08002d4c    0x80  xxmemxfree.o [3]
  .text               ro code  0x08002dcc    0x14  setlocale.o [3]
  .text               ro code  0x08002de0    0x60  xencoding_sb.o [3]
  .text               ro code  0x08002e40    0x2c  xgetmemchunk.o [3]
  .text               ro code  0x08002e6c     0x2  xtls.o [3]
  .text               ro code  0x08002e6e   0x1c2  lz77_init.o [5]
  .text               ro code  0x08003030     0x6  abort.o [3]
  .text               ro code  0x08003038    0x14  exit.o [6]
  .text               ro code  0x0800304c    0x28  data_init.o [5]
  .text               ro code  0x08003074    0x22  fpinit_M.o [4]
  .iar.init_table     const    0x08003098    0x2c  - Linker created -
  .text               ro code  0x080030c4    0x1a  cmain.o [5]
  .text               ro code  0x080030de     0x4  low_level_init.o [3]
  .text               ro code  0x080030e2     0x4  exit.o [3]
  .text               ro code  0x080030e8     0xa  cexit.o [5]
  .text               ro code  0x080030f4    0x10  startup_stm32f429x.o [1]
  .text               ro code  0x08003104    0x10  stm32f4xx_it.o [1]
  .text               ro code  0x08003114     0xc  cstartup_M.o [5]
  .text               ro code  0x08003120     0x4  startup_stm32f429x.o [1]
  .text               ro code  0x08003124     0x4  startup_stm32f429x.o [1]
  .text               ro code  0x08003128     0x4  startup_stm32f429x.o [1]
  .text               ro code  0x0800312c     0x4  startup_stm32f429x.o [1]
  .text               ro code  0x08003130     0x4  startup_stm32f429x.o [1]
  .text               ro code  0x08003134     0x4  startup_stm32f429x.o [1]
  .text               ro code  0x08003138     0x4  startup_stm32f429x.o [1]
  .text               ro code  0x0800313c     0x4  startup_stm32f429x.o [1]
  .text               ro code  0x08003140     0x4  startup_stm32f429x.o [1]
  .text               ro code  0x08003144     0x4  startup_stm32f429x.o [1]
  .text               ro code  0x08003148     0x4  startup_stm32f429x.o [1]
  .text               ro code  0x0800314c     0x4  startup_stm32f429x.o [1]
  .text               ro code  0x08003150     0x4  startup_stm32f429x.o [1]
  .text               ro code  0x08003154     0x4  startup_stm32f429x.o [1]
  .text               ro code  0x08003158     0x4  startup_stm32f429x.o [1]
  .text               ro code  0x0800315c     0x4  startup_stm32f429x.o [1]
  .text               ro code  0x08003160     0x4  startup_stm32f429x.o [1]
  .text               ro code  0x08003164     0x4  startup_stm32f429x.o [1]
  .text               ro code  0x08003168     0x4  startup_stm32f429x.o [1]
  .text               ro code  0x0800316c     0x4  startup_stm32f429x.o [1]
  .text               ro code  0x08003170     0x4  startup_stm32f429x.o [1]
  .text               ro code  0x08003174     0x4  startup_stm32f429x.o [1]
  .text               ro code  0x08003178     0x4  startup_stm32f429x.o [1]
  .text               ro code  0x0800317c     0x4  startup_stm32f429x.o [1]
  .text               ro code  0x08003180     0x4  startup_stm32f429x.o [1]
  .text               ro code  0x08003184     0x4  startup_stm32f429x.o [1]
  .text               ro code  0x08003188     0x4  startup_stm32f429x.o [1]
  .text               ro code  0x0800318c     0x4  startup_stm32f429x.o [1]
  .text               ro code  0x08003190     0x4  startup_stm32f429x.o [1]
  .text               ro code  0x08003194     0x4  startup_stm32f429x.o [1]
  .text               ro code  0x08003198     0x4  startup_stm32f429x.o [1]
  .text               ro code  0x0800319c     0x4  startup_stm32f429x.o [1]
  .text               ro code  0x080031a0     0x4  startup_stm32f429x.o [1]
  .text               ro code  0x080031a4     0x4  startup_stm32f429x.o [1]
  .text               ro code  0x080031a8     0x4  startup_stm32f429x.o [1]
  .text               ro code  0x080031ac     0x4  startup_stm32f429x.o [1]
  .text               ro code  0x080031b0     0x4  startup_stm32f429x.o [1]
  .text               ro code  0x080031b4     0x4  startup_stm32f429x.o [1]
  .text               ro code  0x080031b8     0x4  startup_stm32f429x.o [1]
  .text               ro code  0x080031bc     0x4  startup_stm32f429x.o [1]
  .text               ro code  0x080031c0     0x4  startup_stm32f429x.o [1]
  .text               ro code  0x080031c4     0x4  startup_stm32f429x.o [1]
  .text               ro code  0x080031c8     0x4  startup_stm32f429x.o [1]
  .text               ro code  0x080031cc     0x4  startup_stm32f429x.o [1]
  .text               ro code  0x080031d0     0x4  startup_stm32f429x.o [1]
  .text               ro code  0x080031d4     0x4  startup_stm32f429x.o [1]
  .text               ro code  0x080031d8     0x4  startup_stm32f429x.o [1]
  .text               ro code  0x080031dc     0x4  startup_stm32f429x.o [1]
  .text               ro code  0x080031e0     0x4  startup_stm32f429x.o [1]
  .text               ro code  0x080031e4     0x4  startup_stm32f429x.o [1]
  .text               ro code  0x080031e8     0x4  startup_stm32f429x.o [1]
  .text               ro code  0x080031ec     0x4  startup_stm32f429x.o [1]
  .text               ro code  0x080031f0     0x4  startup_stm32f429x.o [1]
  .text               ro code  0x080031f4     0x4  startup_stm32f429x.o [1]
  .text               ro code  0x080031f8     0x4  startup_stm32f429x.o [1]
  .text               ro code  0x080031fc     0x4  startup_stm32f429x.o [1]
  .text               ro code  0x08003200     0x4  startup_stm32f429x.o [1]
  .text               ro code  0x08003204     0x4  startup_stm32f429x.o [1]
  .text               ro code  0x08003208     0x4  startup_stm32f429x.o [1]
  .text               ro code  0x0800320c     0x4  startup_stm32f429x.o [1]
  .text               ro code  0x08003210     0x4  startup_stm32f429x.o [1]
  .text               ro code  0x08003214     0x4  startup_stm32f429x.o [1]
  .text               ro code  0x08003218     0x4  startup_stm32f429x.o [1]
  .text               ro code  0x0800321c     0x4  startup_stm32f429x.o [1]
  .text               ro code  0x08003220     0x4  startup_stm32f429x.o [1]
  .text               ro code  0x08003224     0x4  startup_stm32f429x.o [1]
  .text               ro code  0x08003228     0x4  startup_stm32f429x.o [1]
  .text               ro code  0x0800322c     0x4  startup_stm32f429x.o [1]
  .text               ro code  0x08003230     0x4  startup_stm32f429x.o [1]
  .text               ro code  0x08003234     0x4  startup_stm32f429x.o [1]
  .text               ro code  0x08003238     0x4  startup_stm32f429x.o [1]
  .text               ro code  0x0800323c     0x4  startup_stm32f429x.o [1]
  .text               ro code  0x08003240     0x4  startup_stm32f429x.o [1]
  .text               ro code  0x08003244     0x4  startup_stm32f429x.o [1]
  .text               ro code  0x08003248     0x4  startup_stm32f429x.o [1]
  .text               ro code  0x0800324c     0x4  startup_stm32f429x.o [1]
  .text               ro code  0x08003250     0x4  startup_stm32f429x.o [1]
  .text               ro code  0x08003254     0x4  startup_stm32f429x.o [1]
  .text               ro code  0x08003258     0x4  startup_stm32f429x.o [1]
  .text               ro code  0x0800325c     0x4  startup_stm32f429x.o [1]
  .text               ro code  0x08003260     0x4  startup_stm32f429x.o [1]
  .text               ro code  0x08003264     0x4  startup_stm32f429x.o [1]
  .text               ro code  0x08003268     0x4  startup_stm32f429x.o [1]
  .text               ro code  0x0800326c     0x4  startup_stm32f429x.o [1]
  .text               ro code  0x08003270     0x4  startup_stm32f429x.o [1]
  .text               ro code  0x08003274     0x4  startup_stm32f429x.o [1]
  .text               ro code  0x08003278     0x4  startup_stm32f429x.o [1]
  .text               ro code  0x0800327c     0x4  startup_stm32f429x.o [1]
  .text               ro code  0x08003280     0x4  startup_stm32f429x.o [1]
  .rodata             const    0x08003284     0x0  zero_init3.o [5]
  .rodata             const    0x08003284     0x0  lz77_init.o [5]
  Initializer bytes   const    0x08003284   0x2e4  <for P2 s0>
                             - 0x08003568  0x33bc

"P2":                                      0x4848
  P2 s0                        0x20000000   0x6ec  <Init block>
    .data             inited   0x20000000   0x60c  main.o [1]
    __DLIB_PERTHREAD  inited   0x2000060c    0x74  setlocale.o [3]
    .data             inited   0x20000680    0x30  main.o [1]
    .data             inited   0x200006b0    0x28  main.o [1]
    .data             inited   0x200006d8    0x14  system_stm32f4xx.o [1]
  .bss                zero     0x200006ec   0x118  main.o [1]
  .bss                zero     0x20000804    0x1c  main.o [1]
  .bss                zero     0x20000820     0x8  main.o [1]
  .bss                zero     0x20000828     0x8  main.o [1]
  .bss                zero     0x20000830     0x8  xxmemxmalloc.o [3]
  .bss                zero     0x20000838     0x4  main.o [1]
  .bss                zero     0x2000083c     0x4  main.o [1]
  .bss                zero     0x20000840     0x4  xgetmemchunk.o [3]
  CSTACK                       0x20000848  0x2000  <Block>
    CSTACK            uninit   0x20000848  0x2000  <Block tail>
  HEAP                         0x20002848  0x2000  <Block>
    HEAP              uninit   0x20002848  0x2000  <Block tail>
                             - 0x20004848  0x4848


*******************************************************************************
*** INIT TABLE
***

          Address     Size
          -------     ----
Zero (__iar_zero_init3)
    1 destination range, total size 0x158:
          0x200006ec  0x158

Copy/lz77 (__iar_lz77_init3)
    1 source range, total size 0x2e4 (41% of destination):
          0x08003284  0x2e4
    1 destination range, total size 0x6ec:
          0x20000000  0x6ec



*******************************************************************************
*** MODULE SUMMARY
***

    Module                 ro code  ro data  rw data
    ------                 -------  -------  -------
E:\Proiecte\Licenta\Licenta SW\IO_Toggle\STM324x9I_EVAL\Obj: [1]
    main.o                   6 460      683    1 968
    startup_stm32f429x.o       800
    stm32f4xx_adc.o            280
    stm32f4xx_dma.o            280
    stm32f4xx_fmc.o            284
    stm32f4xx_gpio.o           170
    stm32f4xx_it.o              16
    stm32f4xx_rcc.o             88
    stm32f4xx_spi.o            102
    stm32f4xx_tim.o            166
    system_stm32f4xx.o         180        9       20
    ------------------------------------------------
    Total:                   8 826      692    1 988

command line: [2]
    ------------------------------------------------
    Total:

dl7M_tlf.a: [3]
    abort.o                      6
    exit.o                       4
    low_level_init.o             4
    setlocale.o                 20       48      116
    sprintf.o                   52
    xencoding_sb.o              96
    xgetmemchunk.o              44                 4
    xmbcurmax.o                 10
    xmbtowc.o                   32
    xprintfsmall.o           1 956
    xsprout.o                   10
    xtls.o                       2
    xwctomb.o                   26
    xxmemxfree.o               128
    xxmemxmalloc.o             176                 8
    ------------------------------------------------
    Total:                   2 566       48      128

m7M_tls.a: [4]
    DblMul.o                   418
    DblToI32.o                  44
    I32ToDbl.o                  44
    fpinit_M.o                  34
    ------------------------------------------------
    Total:                     540

rt7M_tl.a: [5]
    ABImemclr4.o                 6
    ABImemcpy_unaligned.o      118
    ABImemset48.o               50
    cexit.o                     10
    cmain.o                     26
    cstartup_M.o                12
    data_init.o                 40
    lz77_init.o                450
    memchr.o                    88
    strchr.o                    22
    strlen.o                    54
    zero_init3.o                34
    ------------------------------------------------
    Total:                     910

shb_l.a: [6]
    exit.o                      20
    ------------------------------------------------
    Total:                      20

    Gaps                        24        2
    Linker created                       44   16 384
----------------------------------------------------
    Grand Total:            12 886      786   18 500


*******************************************************************************
*** ENTRY LIST
***

Entry                      Address   Size  Type      Object
-----                      -------   ----  ----      ------
.iar.init_table$$Base   0x08003098          --   Gb  - Linker created -
.iar.init_table$$Limit  0x080030c4          --   Gb  - Linker created -
?main                   0x080030c5         Code  Gb  cmain.o [5]
ADC_ClearFlag           0x08001da3    0x2  Code  Gb  stm32f4xx_adc.o [1]
ADC_ClearITPendingBit   0x08001dc1    0x2  Code  Gb  stm32f4xx_adc.o [1]
ADC_Cmd                 0x08001cf1   0x12  Code  Gb  stm32f4xx_adc.o [1]
ADC_GetConversionValue  0x08001d43    0x6  Code  Gb  stm32f4xx_adc.o [1]
ADC_GetITStatus         0x08001da5   0x1c  Code  Gb  stm32f4xx_adc.o [1]
ADC_IRQ                 0x080014c1   0x1a  Code  Gb  main.o [1]
ADC_IRQHandler          0x0800193b   0x2c  Code  Gb  main.o [1]
ADC_ITConfig            0x08001d8d   0x16  Code  Gb  stm32f4xx_adc.o [1]
ADC_Init                0x08001cb1   0x40  Code  Gb  stm32f4xx_adc.o [1]
ADC_RegularChannelConfig
                        0x08001d03   0x40  Code  Gb  stm32f4xx_adc.o [1]
AHBPrescTable           0x200006d8   0x10  Data  Gb  system_stm32f4xx.o [1]
Activate_Scope          0x08001493   0x2e  Code  Gb  main.o [1]
Add_Button              0x0800078f   0xe6  Code  Gb  main.o [1]
Blink_task              0x08001939    0x2  Code  Gb  main.o [1]
BusFault_Handler        0x0800310b    0x2  Code  Gb  stm32f4xx_it.o [1]
CSTACK$$Base            0x20000848          --   Gb  - Linker created -
CSTACK$$Limit           0x20002848          --   Gb  - Linker created -
CheckTouch              0x08000b11   0x92  Code  Gb  main.o [1]
Check_Touch_task        0x08001999    0x4  Code  Gb  main.o [1]
Clean_LCD_Buff          0x08000731   0x26  Code  Gb  main.o [1]
DMA2_Stream0_IRQHandler
                        0x08001967   0x28  Code  Gb  main.o [1]
DMA_ClearFlag           0x08001e2b   0x1a  Code  Gb  stm32f4xx_dma.o [1]
DMA_ClearITPendingBit   0x08001eaf   0x1a  Code  Gb  stm32f4xx_dma.o [1]
DMA_Cmd                 0x08001e19   0x12  Code  Gb  stm32f4xx_dma.o [1]
DMA_GetITStatus         0x08001e71   0x3e  Code  Gb  stm32f4xx_dma.o [1]
DMA_ITConfig            0x08001e45   0x2c  Code  Gb  stm32f4xx_dma.o [1]
DMA_Init                0x08001dc9   0x50  Code  Gb  stm32f4xx_dma.o [1]
DMA_init                0x08001229   0x74  Code  Gb  main.o [1]
DebugMon_Handler        0x08003111    0x2  Code  Gb  stm32f4xx_it.o [1]
Device_Init             0x0800135d   0x14  Code  Gb  main.o [1]
Draw_Button_Frame       0x080008ff   0x32  Code  Gb  main.o [1]
Draw_Scope_Grid         0x0800154f   0x36  Code  Gb  main.o [1]
FMC_GetFlagStatus       0x0800225b   0x2e  Code  Gb  stm32f4xx_fmc.o [1]
FMC_Init                0x08001371  0x106  Code  Gb  main.o [1]
FMC_SDRAMCmdConfig      0x08002235   0x1a  Code  Gb  stm32f4xx_fmc.o [1]
FMC_SDRAMInit           0x08002185   0xb0  Code  Gb  stm32f4xx_fmc.o [1]
FMC_SetRefreshCount     0x0800224f    0xc  Code  Gb  stm32f4xx_fmc.o [1]
GPIO_Init               0x08001ae9   0x70  Code  Gb  stm32f4xx_gpio.o [1]
GPIO_PinAFConfig        0x08001b6f   0x24  Code  Gb  stm32f4xx_gpio.o [1]
GPIO_ReadInputDataBit   0x08001b59    0xe  Code  Gb  stm32f4xx_gpio.o [1]
GPIO_ResetBits          0x08001b6b    0x4  Code  Gb  stm32f4xx_gpio.o [1]
GPIO_SetBits            0x08001b67    0x4  Code  Gb  stm32f4xx_gpio.o [1]
GPIO_init               0x08000ca1  0x3cc  Code  Gb  main.o [1]
HEAP$$Base              0x20002848          --   Gb  - Linker created -
HEAP$$Limit             0x20004848          --   Gb  - Linker created -
HardFault_Handler       0x08003107    0x2  Code  Gb  stm32f4xx_it.o [1]
ImageToWrite            0x200006c0    0x4  Data  Gb  main.o [1]
InStream_Read           0x08002e6f   0x22  Code  Lc  lz77_init.o [5]
Init_Button             0x080008bd   0x2c  Code  Gb  main.o [1]
LCD_Draw_Rectangle      0x08000781    0xe  Code  Gb  main.o [1]
LCD_Init                0x0800134d   0x10  Code  Gb  main.o [1]
LCD_Refresh             0x080006f7   0x3a  Code  Gb  main.o [1]
LCD_Refresh_task        0x08001995    0x4  Code  Gb  main.o [1]
LCD_RshMsk              0x200006b8    0x4  Data  Gb  main.o [1]
LCD_Window_EndX         0x200006d0    0x4  Data  Gb  main.o [1]
LCD_Window_EndY         0x200006d4    0x4  Data  Gb  main.o [1]
LCD_Window_StartX       0x200006c8    0x4  Data  Gb  main.o [1]
LCD_Window_StartY       0x200006cc    0x4  Data  Gb  main.o [1]
LCD_WriteBuff           0x080006a3   0x54  Code  Gb  main.o [1]
LCD_buff                0x200006b4    0x4  Data  Gb  main.o [1]
LoadInt                 0x0800277b   0x4c  Code  Lc  xprintfsmall.o [3]
Load_Scope_Image        0x0800184b   0x20  Code  Gb  main.o [1]
MemManage_Handler       0x08003109    0x2  Code  Gb  stm32f4xx_it.o [1]
NMI_Handler             0x08003105    0x2  Code  Gb  stm32f4xx_it.o [1]
OutStream_Write         0x08002e91   0x40  Code  Lc  lz77_init.o [5]
PendSV_Handler          0x08003113    0x2  Code  Gb  stm32f4xx_it.o [1]
Prepare_Scope_Image     0x08001585   0x16  Code  Gb  main.o [1]
RCC_AHB1PeriphClockCmd  0x08001c59   0x12  Code  Gb  stm32f4xx_rcc.o [1]
RCC_AHB3PeriphClockCmd  0x08001c6b   0x12  Code  Gb  stm32f4xx_rcc.o [1]
RCC_APB1PeriphClockCmd  0x08001c7d   0x12  Code  Gb  stm32f4xx_rcc.o [1]
RCC_APB2PeriphClockCmd  0x08001c8f   0x12  Code  Gb  stm32f4xx_rcc.o [1]
Region$$Table$$Base     0x08003098          --   Gb  - Linker created -
Region$$Table$$Limit    0x080030c4          --   Gb  - Linker created -
SPI_Cmd                 0x08001c21   0x14  Code  Gb  stm32f4xx_spi.o [1]
SPI_I2S_ReceiveData     0x08001c35    0x4  Code  Gb  stm32f4xx_spi.o [1]
SPI_I2S_SendData        0x08001c39   0x16  Code  Gb  stm32f4xx_spi.o [1]
SPI_Init                0x08001be9   0x38  Code  Gb  stm32f4xx_spi.o [1]
SVC_Handler             0x0800310f    0x2  Code  Gb  stm32f4xx_it.o [1]
ScopeAGetData           0x0800199d   0xf2  Code  Gb  main.o [1]
ScopeA_Offset           0x20000690    0x4  Data  Gb  main.o [1]
ScopeA_Volt_Scale       0x20000688    0x4  Data  Gb  main.o [1]
ScopeA_buff             0x20000680    0x4  Data  Gb  main.o [1]
Scope_ADC_init          0x080011c3   0x5e  Code  Gb  main.o [1]
Scope_Active            0x2000068c    0x4  Data  Gb  main.o [1]
Scope_Clear_Path        0x080014fd   0x52  Code  Gb  main.o [1]
Scope_Image             0x200006bc    0x4  Data  Gb  main.o [1]
Scope_Time_Scale        0x20000684    0x4  Data  Gb  main.o [1]
SysTick_Handler         0x0800198f    0x4  Code  Gb  main.o [1]
SystemCoreClock         0x200006e8    0x4  Data  Gb  system_stm32f4xx.o [1]
SystemInit              0x080022a9   0x94  Code  Gb  system_stm32f4xx.o [1]
TIM_Cmd                 0x0800213f   0x14  Code  Gb  stm32f4xx_tim.o [1]
TIM_ScopeTrig_init      0x080012a1   0x5c  Code  Gb  main.o [1]
TIM_SelectOutputTrigger
                        0x08002171   0x12  Code  Gb  stm32f4xx_tim.o [1]
TIM_TimeBaseInit        0x080020dd   0x62  Code  Gb  stm32f4xx_tim.o [1]
TOUCH_SPI_Init          0x080012fd   0x4e  Code  Gb  main.o [1]
TouchLCD_Calibrate      0x08000a47   0xc6  Code  Gb  main.o [1]
TouchPutGetByte         0x08000993   0x18  Code  Gb  main.o [1]
TouchRead               0x080009ab   0x84  Code  Gb  main.o [1]
UsageFault_Handler      0x0800310d    0x2  Code  Gb  stm32f4xx_it.o [1]
_EncodingSb_Mbtowc      0x08002dfb   0x30  Code  Gb  xencoding_sb.o [3]
_EncodingSb_Wctomb      0x08002de1   0x1a  Code  Gb  xencoding_sb.o [3]
_IsdstStr               0x20000610    0x4  Data  Gb  setlocale.o [3]
_LitobSmall             0x080029ed   0xce  Code  Lc  xprintfsmall.o [3]
_LocaleEncoding         0x08002dcd    0xe  Code  Gb  setlocale.o [3]
_LocaleReturnString     0x20000630   0x50  Data  Lc  setlocale.o [3]
_Locale_Profile         0x20000614   0x1c  Data  Gb  setlocale.o [3]
_Mbtowc                 0x08002b33   0x20  Code  Gb  xmbtowc.o [3]
_PrintfSmall            0x0800235d  0x414  Code  Gb  xprintfsmall.o [3]
_PutcharsSmall          0x08002abb   0x2e  Code  Lc  xprintfsmall.o [3]
_PutstrSmall            0x080027c7  0x226  Code  Lc  xprintfsmall.o [3]
_SProut                 0x08001c4f    0xa  Code  Gb  xsprout.o [3]
_TzoneStr               0x2000060c    0x4  Data  Gb  setlocale.o [3]
_Wctomb                 0x08002cb9   0x1a  Code  Gb  xwctomb.o [3]
__aeabi_d2uiz           0x080020b1         Code  Gb  DblToI32.o [4]
__aeabi_dmul            0x08001f0d         Code  Gb  DblMul.o [4]
__aeabi_i2d             0x08001ee1         Code  Gb  I32ToDbl.o [4]
__aeabi_memclr4         0x080022a1         Code  Gb  ABImemclr4.o [5]
__cmain                 0x080030c5         Code  Gb  cmain.o [5]
__data_Aldata           0x20000830    0x8  Data  Gb  xxmemxmalloc.o [3]
__data_GetMemChunk      0x08002e41   0x2c  Code  Gb  xgetmemchunk.o [3]
__exit                  0x08003039   0x14  Code  Gb  exit.o [6]
__iar_Mbcurmax          0x08002bfd    0xa  Code  Gb  xmbcurmax.o [3]
__iar_Memchr            0x08002ba5         Code  Gb  memchr.o [5]
__iar_Memset4_word      0x08002b01         Code  Gb  ABImemset48.o [5]
__iar_Memset8_word      0x08002b01         Code  Gb  ABImemset48.o [5]
__iar_Strchr            0x08002b55         Code  Gb  strchr.o [5]
__iar_d2uiz             0x080020bd         Code  Gb  DblToI32.o [4]
__iar_data_init3        0x0800304d   0x28  Code  Gb  data_init.o [5]
__iar_dlib_perthread_access
                        0x08002e6d    0x2  Code  Gb  xtls.o [3]
__iar_init_vfp          0x08003075         Code  Gb  fpinit_M.o [4]
__iar_lz77_init3        0x08002ed1  0x160  Code  Gb  lz77_init.o [5]
__iar_program_start     0x08003115         Code  Gb  cstartup_M.o [5]
__iar_ui2d              0x08001ef5         Code  Gb  I32ToDbl.o [4]
__iar_unaligned___aeabi_memcpy
                        0x08002cd5         Code  Gb  ABImemcpy_unaligned.o [5]
__iar_unaligned___aeabi_memcpy4
                        0x08002cf5         Code  Gb  ABImemcpy_unaligned.o [5]
__iar_unaligned___aeabi_memcpy8
                        0x08002cf5         Code  Gb  ABImemcpy_unaligned.o [5]
__iar_zero_init3        0x08001b93   0x22  Code  Gb  zero_init3.o [5]
__low_level_init        0x080030df    0x4  Code  Gb  low_level_init.o [3]
__vector_table          0x08000000         Data  Gb  startup_stm32f429x.o [1]
_call_main              0x080030d1         Code  Gb  cmain.o [5]
_exit                   0x080030e9         Code  Gb  cexit.o [5]
_main                   0x080030db         Code  Gb  cmain.o [5]
abort                   0x08003031    0x6  Code  Gb  abort.o [3]
ascii_8x16              0x20000004  0x600  Data  Gb  main.o [1]
ax_calibrate            0x20000810    0x4  Data  Gb  main.o [1]
ay_calibrate            0x20000818    0x4  Data  Gb  main.o [1]
bx_calibrate            0x20000814    0x4  Data  Gb  main.o [1]
by_calibrate            0x2000081c    0x4  Data  Gb  main.o [1]
calibrated_flag         0x20000805    0x1  Data  Gb  main.o [1]
create_task             0x08000bf5   0x2c  Code  Gb  main.o [1]
cursor                  0x200006c4    0x4  Data  Gb  main.o [1]
cursor_at_end_of_first_line
                        0x200006b0    0x4  Data  Gb  main.o [1]
do_task                 0x08000c21    0xe  Code  Gb  main.o [1]
exit                    0x080030e3    0x4  Code  Gb  exit.o [3]
free                    0x08002d4d   0x7a  Code  Gb  xxmemxfree.o [3]
last_sample_count       0x20000698    0x4  Data  Gb  main.o [1]
main                    0x080018a9   0x88  Code  Gb  main.o [1]
malloc                  0x08002c09   0xac  Code  Gb  xxmemxmalloc.o [3]
memchr                  0x08002ba5         Code  Gb  memchr.o [5]
pressure                0x20000804    0x1  Data  Gb  main.o [1]
r                       0x200006a4    0x4  Data  Gb  main.o [1]
sample_buff             0x20000838    0x4  Data  Gb  main.o [1]
sample_counter          0x20000694    0x4  Data  Gb  main.o [1]
sprintf                 0x08001bb5   0x34  Code  Gb  sprintf.o [3]
ssd1963_BackLight       0x08000613   0x16  Code  Gb  main.o [1]
ssd1963_Clear           0x080003ef   0x24  Code  Gb  main.o [1]
ssd1963_ClearZone       0x08000413   0x3c  Code  Gb  main.o [1]
ssd1963_Delay           0x08000629    0xa  Code  Gb  main.o [1]
ssd1963_Initialization  0x080001ad  0x1f6  Code  Gb  main.o [1]
ssd1963_PutChar         0x0800045f   0x7c  Code  Gb  main.o [1]
ssd1963_PutLine         0x08000633   0x36  Code  Gb  main.o [1]
ssd1963_PutText         0x080004db   0x3a  Code  Gb  main.o [1]
ssd1963_Reset           0x080005ed   0x26  Code  Gb  main.o [1]
ssd1963_SetCursor       0x080003b5   0x10  Code  Gb  main.o [1]
ssd1963_SetPoint        0x0800044f   0x10  Code  Gb  main.o [1]
ssd1963_SetWindows      0x080003c5   0x2a  Code  Gb  main.o [1]
ssd1963_Write           0x08000669   0x3a  Code  Gb  main.o [1]
ssd1963_WriteData       0x08000561   0x1a  Code  Gb  main.o [1]
ssd1963_WriteIndex      0x08000515   0x38  Code  Gb  main.o [1]
ssd1963_WriteRegister   0x0800057b   0x4c  Code  Gb  main.o [1]
strchr                  0x08002b55         Code  Gb  strchr.o [5]
strlen                  0x08002b6d         Code  Gb  strlen.o [5]
sys_scheduler           0x08000c2f   0x5c  Code  Gb  main.o [1]
task                    0x200006ec  0x118  Data  Gb  main.o [1]
task_num                0x20000828    0x4  Data  Gb  main.o [1]
tp_calibrated           0x2000080c    0x4  Data  Gb  main.o [1]
tp_raw                  0x20000808    0x4  Data  Gb  main.o [1]
wait                    0x08000c8b   0x16  Code  Gb  main.o [1]
x                       0x2000069c    0x4  Data  Gb  main.o [1]
y                       0x200006a0    0x4  Data  Gb  main.o [1]


[1] = E:\Proiecte\Licenta\Licenta SW\IO_Toggle\STM324x9I_EVAL\Obj
[2] = command line
[3] = dl7M_tlf.a
[4] = m7M_tls.a
[5] = rt7M_tl.a
[6] = shb_l.a

  12 886 bytes of readonly  code memory
     786 bytes of readonly  data memory
  18 500 bytes of readwrite data memory

Errors: none
Warnings: none
