###############################################################################
#
# IAR ELF Linker V7.30.4.8167/W32 for ARM                 07/Mar/2015  08:54:27
# Copyright 2007-2014 IAR Systems AB.
#
#    Output file  =  
#        E:\Proiecte\Licenta\Licenta
#        SW\IO_Toggle\STM324x9I_EVAL\Exe\Project.out
#    Map file     =  
#        E:\Proiecte\Licenta\Licenta
#        SW\IO_Toggle\STM324x9I_EVAL\List\Project.map
#    Command line =  
#        "E:\Proiecte\Licenta\Licenta SW\IO_Toggle\STM324x9I_EVAL\Obj\main.o"
#        "E:\Proiecte\Licenta\Licenta SW\IO_Toggle\STM324x9I_EVAL\Obj\misc.o"
#        "E:\Proiecte\Licenta\Licenta
#        SW\IO_Toggle\STM324x9I_EVAL\Obj\startup_stm32f429x.o"
#        "E:\Proiecte\Licenta\Licenta
#        SW\IO_Toggle\STM324x9I_EVAL\Obj\stm324x9i_eval.o"
#        "E:\Proiecte\Licenta\Licenta
#        SW\IO_Toggle\STM324x9I_EVAL\Obj\stm324x9i_eval_fmc_sdram.o"
#        "E:\Proiecte\Licenta\Licenta
#        SW\IO_Toggle\STM324x9I_EVAL\Obj\stm32f4xx_adc.o"
#        "E:\Proiecte\Licenta\Licenta
#        SW\IO_Toggle\STM324x9I_EVAL\Obj\stm32f4xx_can.o"
#        "E:\Proiecte\Licenta\Licenta
#        SW\IO_Toggle\STM324x9I_EVAL\Obj\stm32f4xx_crc.o"
#        "E:\Proiecte\Licenta\Licenta
#        SW\IO_Toggle\STM324x9I_EVAL\Obj\stm32f4xx_cryp.o"
#        "E:\Proiecte\Licenta\Licenta
#        SW\IO_Toggle\STM324x9I_EVAL\Obj\stm32f4xx_cryp_aes.o"
#        "E:\Proiecte\Licenta\Licenta
#        SW\IO_Toggle\STM324x9I_EVAL\Obj\stm32f4xx_cryp_des.o"
#        "E:\Proiecte\Licenta\Licenta
#        SW\IO_Toggle\STM324x9I_EVAL\Obj\stm32f4xx_cryp_tdes.o"
#        "E:\Proiecte\Licenta\Licenta
#        SW\IO_Toggle\STM324x9I_EVAL\Obj\stm32f4xx_dac.o"
#        "E:\Proiecte\Licenta\Licenta
#        SW\IO_Toggle\STM324x9I_EVAL\Obj\stm32f4xx_dbgmcu.o"
#        "E:\Proiecte\Licenta\Licenta
#        SW\IO_Toggle\STM324x9I_EVAL\Obj\stm32f4xx_dcmi.o"
#        "E:\Proiecte\Licenta\Licenta
#        SW\IO_Toggle\STM324x9I_EVAL\Obj\stm32f4xx_dma.o"
#        "E:\Proiecte\Licenta\Licenta
#        SW\IO_Toggle\STM324x9I_EVAL\Obj\stm32f4xx_dma2d.o"
#        "E:\Proiecte\Licenta\Licenta
#        SW\IO_Toggle\STM324x9I_EVAL\Obj\stm32f4xx_exti.o"
#        "E:\Proiecte\Licenta\Licenta
#        SW\IO_Toggle\STM324x9I_EVAL\Obj\stm32f4xx_flash.o"
#        "E:\Proiecte\Licenta\Licenta
#        SW\IO_Toggle\STM324x9I_EVAL\Obj\stm32f4xx_fmc.o"
#        "E:\Proiecte\Licenta\Licenta
#        SW\IO_Toggle\STM324x9I_EVAL\Obj\stm32f4xx_gpio.o"
#        "E:\Proiecte\Licenta\Licenta
#        SW\IO_Toggle\STM324x9I_EVAL\Obj\stm32f4xx_hash.o"
#        "E:\Proiecte\Licenta\Licenta
#        SW\IO_Toggle\STM324x9I_EVAL\Obj\stm32f4xx_hash_md5.o"
#        "E:\Proiecte\Licenta\Licenta
#        SW\IO_Toggle\STM324x9I_EVAL\Obj\stm32f4xx_hash_sha1.o"
#        "E:\Proiecte\Licenta\Licenta
#        SW\IO_Toggle\STM324x9I_EVAL\Obj\stm32f4xx_i2c.o"
#        "E:\Proiecte\Licenta\Licenta
#        SW\IO_Toggle\STM324x9I_EVAL\Obj\stm32f4xx_it.o"
#        "E:\Proiecte\Licenta\Licenta
#        SW\IO_Toggle\STM324x9I_EVAL\Obj\stm32f4xx_iwdg.o"
#        "E:\Proiecte\Licenta\Licenta
#        SW\IO_Toggle\STM324x9I_EVAL\Obj\stm32f4xx_ltdc.o"
#        "E:\Proiecte\Licenta\Licenta
#        SW\IO_Toggle\STM324x9I_EVAL\Obj\stm32f4xx_pwr.o"
#        "E:\Proiecte\Licenta\Licenta
#        SW\IO_Toggle\STM324x9I_EVAL\Obj\stm32f4xx_rcc.o"
#        "E:\Proiecte\Licenta\Licenta
#        SW\IO_Toggle\STM324x9I_EVAL\Obj\stm32f4xx_rng.o"
#        "E:\Proiecte\Licenta\Licenta
#        SW\IO_Toggle\STM324x9I_EVAL\Obj\stm32f4xx_rtc.o"
#        "E:\Proiecte\Licenta\Licenta
#        SW\IO_Toggle\STM324x9I_EVAL\Obj\stm32f4xx_sai.o"
#        "E:\Proiecte\Licenta\Licenta
#        SW\IO_Toggle\STM324x9I_EVAL\Obj\stm32f4xx_sdio.o"
#        "E:\Proiecte\Licenta\Licenta
#        SW\IO_Toggle\STM324x9I_EVAL\Obj\stm32f4xx_spi.o"
#        "E:\Proiecte\Licenta\Licenta
#        SW\IO_Toggle\STM324x9I_EVAL\Obj\stm32f4xx_syscfg.o"
#        "E:\Proiecte\Licenta\Licenta
#        SW\IO_Toggle\STM324x9I_EVAL\Obj\stm32f4xx_tim.o"
#        "E:\Proiecte\Licenta\Licenta
#        SW\IO_Toggle\STM324x9I_EVAL\Obj\stm32f4xx_usart.o"
#        "E:\Proiecte\Licenta\Licenta
#        SW\IO_Toggle\STM324x9I_EVAL\Obj\stm32f4xx_wwdg.o"
#        "E:\Proiecte\Licenta\Licenta
#        SW\IO_Toggle\STM324x9I_EVAL\Obj\system_stm32f4xx.o" --redirect
#        _Printf=_PrintfSmall --redirect _Scanf=_ScanfSmall -o
#        "E:\Proiecte\Licenta\Licenta
#        SW\IO_Toggle\STM324x9I_EVAL\Exe\Project.out" --map
#        "E:\Proiecte\Licenta\Licenta
#        SW\IO_Toggle\STM324x9I_EVAL\List\Project.map" --config "C:\Program
#        Files\IAR Systems\Embedded Workbench
#        7.0\arm\config\linker\ST\stm32f427xI.icf" --semihosting --entry
#        __iar_program_start --vfe
#
###############################################################################

*******************************************************************************
*** RUNTIME MODEL ATTRIBUTES
***

CppFlavor                     = *
__Heap_Handler                = Basic
__SystemLibrary               = DLib
__dlib_dynamic_initialization = normal


*******************************************************************************
*** PLACEMENT SUMMARY
***

"A1":  place at 0x08000000 { ro section .intvec };
"P1":  place in [from 0x08000000 to 0x081fffff] { ro };
"P2":  place in [from 0x20000000 to 0x2002ffff] { rw, block CSTACK, block HEAP };

  Section             Kind        Address    Size  Object
  -------             ----        -------    ----  ------
"A1":                                       0x1ac
  .intvec             ro code  0x08000000   0x1ac  startup_stm32f429x.o [1]
                             - 0x080001ac   0x1ac

"P1":                                      0x334e
  .text               ro code  0x080001ac  0x18b4  main.o [1]
  .text               ro code  0x08001a60    0xbc  stm32f4xx_gpio.o [1]
  .text               ro code  0x08001b1c     0x6  ABImemclr4.o [5]
  .text               ro code  0x08001b22    0x22  zero_init3.o [5]
  .text               ro code  0x08001b44    0x34  sprintf.o [3]
  .text               ro code  0x08001b78    0x66  stm32f4xx_spi.o [1]
  .text               ro code  0x08001bde     0xa  xsprout.o [3]
  .text               ro code  0x08001be8    0x58  stm32f4xx_rcc.o [1]
  .text               ro code  0x08001c40   0x12c  stm32f4xx_adc.o [1]
  .text               ro code  0x08001d6c   0x118  stm32f4xx_dma.o [1]
  .text               ro code  0x08001e84    0x2c  I32ToDbl.o [4]
  .text               ro code  0x08001eb0   0x1a2  DblMul.o [4]
  .text               ro code  0x08002054    0x2c  DblToI32.o [4]
  .text               ro code  0x08002080    0xa6  stm32f4xx_tim.o [1]
  .text               ro code  0x08002128   0x11c  stm32f4xx_fmc.o [1]
  .text               ro code  0x08002244    0xb4  system_stm32f4xx.o [1]
  .text               ro code  0x080022f8    0x32  ABImemset48.o [5]
  .text               ro code  0x0800232c   0x7a4  xprintfsmall.o [3]
  .text               ro code  0x08002ad0    0x20  xmbtowc.o [3]
  .text               ro code  0x08002af0    0x16  strchr.o [5]
  .text               ro code  0x08002b08    0x36  strlen.o [5]
  .text               ro code  0x08002b40    0x58  memchr.o [5]
  .text               ro code  0x08002b98     0xa  xmbcurmax.o [3]
  .text               ro code  0x08002ba4    0xb0  xxmemxmalloc.o [3]
  .text               ro code  0x08002c54    0x1a  xwctomb.o [3]
  .text               ro code  0x08002c70    0x76  ABImemcpy_unaligned.o [5]
  .text               ro code  0x08002ce8    0x80  xxmemxfree.o [3]
  .text               ro code  0x08002d68    0x14  setlocale.o [3]
  .text               ro code  0x08002d7c    0x60  xencoding_sb.o [3]
  .text               ro code  0x08002ddc    0x2c  xgetmemchunk.o [3]
  .text               ro code  0x08002e08     0x2  xtls.o [3]
  .text               ro code  0x08002e0a   0x1c2  lz77_init.o [5]
  .text               ro code  0x08002fcc     0x6  abort.o [3]
  .text               ro code  0x08002fd4    0x14  exit.o [6]
  .text               ro code  0x08002fe8    0x28  data_init.o [5]
  .text               ro code  0x08003010    0x22  fpinit_M.o [4]
  .iar.init_table     const    0x08003034    0x2c  - Linker created -
  .text               ro code  0x08003060    0x1a  cmain.o [5]
  .text               ro code  0x0800307a     0x4  low_level_init.o [3]
  .text               ro code  0x0800307e     0x4  exit.o [3]
  .text               ro code  0x08003084     0xa  cexit.o [5]
  .text               ro code  0x08003090    0x10  startup_stm32f429x.o [1]
  .text               ro code  0x080030a0    0x10  stm32f4xx_it.o [1]
  .text               ro code  0x080030b0     0xc  cstartup_M.o [5]
  .text               ro code  0x080030bc     0x4  startup_stm32f429x.o [1]
  .text               ro code  0x080030c0     0x4  startup_stm32f429x.o [1]
  .text               ro code  0x080030c4     0x4  startup_stm32f429x.o [1]
  .text               ro code  0x080030c8     0x4  startup_stm32f429x.o [1]
  .text               ro code  0x080030cc     0x4  startup_stm32f429x.o [1]
  .text               ro code  0x080030d0     0x4  startup_stm32f429x.o [1]
  .text               ro code  0x080030d4     0x4  startup_stm32f429x.o [1]
  .text               ro code  0x080030d8     0x4  startup_stm32f429x.o [1]
  .text               ro code  0x080030dc     0x4  startup_stm32f429x.o [1]
  .text               ro code  0x080030e0     0x4  startup_stm32f429x.o [1]
  .text               ro code  0x080030e4     0x4  startup_stm32f429x.o [1]
  .text               ro code  0x080030e8     0x4  startup_stm32f429x.o [1]
  .text               ro code  0x080030ec     0x4  startup_stm32f429x.o [1]
  .text               ro code  0x080030f0     0x4  startup_stm32f429x.o [1]
  .text               ro code  0x080030f4     0x4  startup_stm32f429x.o [1]
  .text               ro code  0x080030f8     0x4  startup_stm32f429x.o [1]
  .text               ro code  0x080030fc     0x4  startup_stm32f429x.o [1]
  .text               ro code  0x08003100     0x4  startup_stm32f429x.o [1]
  .text               ro code  0x08003104     0x4  startup_stm32f429x.o [1]
  .text               ro code  0x08003108     0x4  startup_stm32f429x.o [1]
  .text               ro code  0x0800310c     0x4  startup_stm32f429x.o [1]
  .text               ro code  0x08003110     0x4  startup_stm32f429x.o [1]
  .text               ro code  0x08003114     0x4  startup_stm32f429x.o [1]
  .text               ro code  0x08003118     0x4  startup_stm32f429x.o [1]
  .text               ro code  0x0800311c     0x4  startup_stm32f429x.o [1]
  .text               ro code  0x08003120     0x4  startup_stm32f429x.o [1]
  .text               ro code  0x08003124     0x4  startup_stm32f429x.o [1]
  .text               ro code  0x08003128     0x4  startup_stm32f429x.o [1]
  .text               ro code  0x0800312c     0x4  startup_stm32f429x.o [1]
  .text               ro code  0x08003130     0x4  startup_stm32f429x.o [1]
  .text               ro code  0x08003134     0x4  startup_stm32f429x.o [1]
  .text               ro code  0x08003138     0x4  startup_stm32f429x.o [1]
  .text               ro code  0x0800313c     0x4  startup_stm32f429x.o [1]
  .text               ro code  0x08003140     0x4  startup_stm32f429x.o [1]
  .text               ro code  0x08003144     0x4  startup_stm32f429x.o [1]
  .text               ro code  0x08003148     0x4  startup_stm32f429x.o [1]
  .text               ro code  0x0800314c     0x4  startup_stm32f429x.o [1]
  .text               ro code  0x08003150     0x4  startup_stm32f429x.o [1]
  .text               ro code  0x08003154     0x4  startup_stm32f429x.o [1]
  .text               ro code  0x08003158     0x4  startup_stm32f429x.o [1]
  .text               ro code  0x0800315c     0x4  startup_stm32f429x.o [1]
  .text               ro code  0x08003160     0x4  startup_stm32f429x.o [1]
  .text               ro code  0x08003164     0x4  startup_stm32f429x.o [1]
  .text               ro code  0x08003168     0x4  startup_stm32f429x.o [1]
  .text               ro code  0x0800316c     0x4  startup_stm32f429x.o [1]
  .text               ro code  0x08003170     0x4  startup_stm32f429x.o [1]
  .text               ro code  0x08003174     0x4  startup_stm32f429x.o [1]
  .text               ro code  0x08003178     0x4  startup_stm32f429x.o [1]
  .text               ro code  0x0800317c     0x4  startup_stm32f429x.o [1]
  .text               ro code  0x08003180     0x4  startup_stm32f429x.o [1]
  .text               ro code  0x08003184     0x4  startup_stm32f429x.o [1]
  .text               ro code  0x08003188     0x4  startup_stm32f429x.o [1]
  .text               ro code  0x0800318c     0x4  startup_stm32f429x.o [1]
  .text               ro code  0x08003190     0x4  startup_stm32f429x.o [1]
  .text               ro code  0x08003194     0x4  startup_stm32f429x.o [1]
  .text               ro code  0x08003198     0x4  startup_stm32f429x.o [1]
  .text               ro code  0x0800319c     0x4  startup_stm32f429x.o [1]
  .text               ro code  0x080031a0     0x4  startup_stm32f429x.o [1]
  .text               ro code  0x080031a4     0x4  startup_stm32f429x.o [1]
  .text               ro code  0x080031a8     0x4  startup_stm32f429x.o [1]
  .text               ro code  0x080031ac     0x4  startup_stm32f429x.o [1]
  .text               ro code  0x080031b0     0x4  startup_stm32f429x.o [1]
  .text               ro code  0x080031b4     0x4  startup_stm32f429x.o [1]
  .text               ro code  0x080031b8     0x4  startup_stm32f429x.o [1]
  .text               ro code  0x080031bc     0x4  startup_stm32f429x.o [1]
  .text               ro code  0x080031c0     0x4  startup_stm32f429x.o [1]
  .text               ro code  0x080031c4     0x4  startup_stm32f429x.o [1]
  .text               ro code  0x080031c8     0x4  startup_stm32f429x.o [1]
  .text               ro code  0x080031cc     0x4  startup_stm32f429x.o [1]
  .text               ro code  0x080031d0     0x4  startup_stm32f429x.o [1]
  .text               ro code  0x080031d4     0x4  startup_stm32f429x.o [1]
  .text               ro code  0x080031d8     0x4  startup_stm32f429x.o [1]
  .text               ro code  0x080031dc     0x4  startup_stm32f429x.o [1]
  .text               ro code  0x080031e0     0x4  startup_stm32f429x.o [1]
  .text               ro code  0x080031e4     0x4  startup_stm32f429x.o [1]
  .text               ro code  0x080031e8     0x4  startup_stm32f429x.o [1]
  .text               ro code  0x080031ec     0x4  startup_stm32f429x.o [1]
  .text               ro code  0x080031f0     0x4  startup_stm32f429x.o [1]
  .text               ro code  0x080031f4     0x4  startup_stm32f429x.o [1]
  .text               ro code  0x080031f8     0x4  startup_stm32f429x.o [1]
  .text               ro code  0x080031fc     0x4  startup_stm32f429x.o [1]
  .text               ro code  0x08003200     0x4  startup_stm32f429x.o [1]
  .text               ro code  0x08003204     0x4  startup_stm32f429x.o [1]
  .text               ro code  0x08003208     0x4  startup_stm32f429x.o [1]
  .text               ro code  0x0800320c     0x4  startup_stm32f429x.o [1]
  .text               ro code  0x08003210     0x4  startup_stm32f429x.o [1]
  .text               ro code  0x08003214     0x4  startup_stm32f429x.o [1]
  .text               ro code  0x08003218     0x4  startup_stm32f429x.o [1]
  .text               ro code  0x0800321c     0x4  startup_stm32f429x.o [1]
  .rodata             const    0x08003220     0x0  zero_init3.o [5]
  .rodata             const    0x08003220     0x0  lz77_init.o [5]
  Initializer bytes   const    0x08003220   0x2da  <for P2 s0>
                             - 0x080034fa  0x334e

"P2":                                      0x4818
  P2 s0                        0x20000000   0x6cc  <Init block>
    .data             inited   0x20000000   0x600  main.o [1]
    __DLIB_PERTHREAD  inited   0x20000600    0x74  setlocale.o [3]
    .data             inited   0x20000674    0x44  main.o [1]
    .data             inited   0x200006b8    0x14  system_stm32f4xx.o [1]
  .bss                zero     0x200006cc   0x118  main.o [1]
  .bss                zero     0x200007e4    0x1c  main.o [1]
  .bss                zero     0x20000800     0x8  main.o [1]
  .bss                zero     0x20000808     0x8  xxmemxmalloc.o [3]
  .bss                zero     0x20000810     0x4  xgetmemchunk.o [3]
  CSTACK                       0x20000818  0x2000  <Block>
    CSTACK            uninit   0x20000818  0x2000  <Block tail>
  HEAP                         0x20002818  0x2000  <Block>
    HEAP              uninit   0x20002818  0x2000  <Block tail>
                             - 0x20004818  0x4818


*******************************************************************************
*** INIT TABLE
***

          Address     Size
          -------     ----
Zero (__iar_zero_init3)
    1 destination range, total size 0x148:
          0x200006cc  0x148

Copy/lz77 (__iar_lz77_init3)
    1 source range, total size 0x2da (41% of destination):
          0x08003220  0x2da
    1 destination range, total size 0x6cc:
          0x20000000  0x6cc



*******************************************************************************
*** MODULE SUMMARY
***

    Module                 ro code  ro data  rw data
    ------                 -------  -------  -------
E:\Proiecte\Licenta\Licenta SW\IO_Toggle\STM324x9I_EVAL\Obj: [1]
    main.o                   6 324      672    1 920
    startup_stm32f429x.o       800
    stm32f4xx_adc.o            300
    stm32f4xx_dma.o            280
    stm32f4xx_fmc.o            284
    stm32f4xx_gpio.o           188
    stm32f4xx_it.o              16
    stm32f4xx_rcc.o             88
    stm32f4xx_spi.o            102
    stm32f4xx_tim.o            166
    system_stm32f4xx.o         180        9       20
    ------------------------------------------------
    Total:                   8 728      681    1 940

command line: [2]
    ------------------------------------------------
    Total:

dl7M_tlf.a: [3]
    abort.o                      6
    exit.o                       4
    low_level_init.o             4
    setlocale.o                 20       49      116
    sprintf.o                   52
    xencoding_sb.o              96
    xgetmemchunk.o              44                 4
    xmbcurmax.o                 10
    xmbtowc.o                   32
    xprintfsmall.o           1 956
    xsprout.o                   10
    xtls.o                       2
    xwctomb.o                   26
    xxmemxfree.o               128
    xxmemxmalloc.o             176                 8
    ------------------------------------------------
    Total:                   2 566       49      128

m7M_tls.a: [4]
    DblMul.o                   418
    DblToI32.o                  44
    I32ToDbl.o                  44
    fpinit_M.o                  34
    ------------------------------------------------
    Total:                     540

rt7M_tl.a: [5]
    ABImemclr4.o                 6
    ABImemcpy_unaligned.o      118
    ABImemset48.o               50
    cexit.o                     10
    cmain.o                     26
    cstartup_M.o                12
    data_init.o                 40
    lz77_init.o                450
    memchr.o                    88
    strchr.o                    22
    strlen.o                    54
    zero_init3.o                34
    ------------------------------------------------
    Total:                     910

shb_l.a: [6]
    exit.o                      20
    ------------------------------------------------
    Total:                      20

    Gaps                        22        2
    Linker created                       44   16 384
----------------------------------------------------
    Grand Total:            12 786      776   18 452


*******************************************************************************
*** ENTRY LIST
***

Entry                      Address   Size  Type      Object
-----                      -------   ----  ----      ------
.iar.init_table$$Base   0x08003034          --   Gb  - Linker created -
.iar.init_table$$Limit  0x08003060          --   Gb  - Linker created -
?main                   0x08003061         Code  Gb  cmain.o [5]
ADC_ClearFlag           0x08001d47    0x2  Code  Gb  stm32f4xx_adc.o [1]
ADC_ClearITPendingBit   0x08001d65    0x2  Code  Gb  stm32f4xx_adc.o [1]
ADC_Cmd                 0x08001c81   0x12  Code  Gb  stm32f4xx_adc.o [1]
ADC_DMACmd              0x08001cd9   0x12  Code  Gb  stm32f4xx_adc.o [1]
ADC_GetConversionValue  0x08001cd3    0x6  Code  Gb  stm32f4xx_adc.o [1]
ADC_GetITStatus         0x08001d49   0x1c  Code  Gb  stm32f4xx_adc.o [1]
ADC_IRQ                 0x080014e1   0x1a  Code  Gb  main.o [1]
ADC_IRQHandler          0x08001951   0x2c  Code  Gb  main.o [1]
ADC_ITConfig            0x08001d31   0x16  Code  Gb  stm32f4xx_adc.o [1]
ADC_Init                0x08001c41   0x40  Code  Gb  stm32f4xx_adc.o [1]
ADC_RegularChannelConfig
                        0x08001c93   0x40  Code  Gb  stm32f4xx_adc.o [1]
AHBPrescTable           0x200006b8   0x10  Data  Gb  system_stm32f4xx.o [1]
Activate_Scope          0x080014bb   0x26  Code  Gb  main.o [1]
Add_Button              0x080007c7   0xe6  Code  Gb  main.o [1]
Blink_task              0x08001949    0x8  Code  Gb  main.o [1]
BusFault_Handler        0x080030a7    0x2  Code  Gb  stm32f4xx_it.o [1]
CSTACK$$Base            0x20000818          --   Gb  - Linker created -
CSTACK$$Limit           0x20002818          --   Gb  - Linker created -
CheckTouch              0x08000b3d   0x92  Code  Gb  main.o [1]
Check_Touch_task        0x080019ad    0x4  Code  Gb  main.o [1]
Clean_LCD_Buff          0x08000783    0xe  Code  Gb  main.o [1]
DMA2_Stream0_IRQHandler
                        0x0800197d   0x28  Code  Gb  main.o [1]
DMA_ClearFlag           0x08001dcf   0x1a  Code  Gb  stm32f4xx_dma.o [1]
DMA_ClearITPendingBit   0x08001e53   0x1a  Code  Gb  stm32f4xx_dma.o [1]
DMA_Cmd                 0x08001dbd   0x12  Code  Gb  stm32f4xx_dma.o [1]
DMA_GetITStatus         0x08001e15   0x3e  Code  Gb  stm32f4xx_dma.o [1]
DMA_ITConfig            0x08001de9   0x2c  Code  Gb  stm32f4xx_dma.o [1]
DMA_Init                0x08001d6d   0x50  Code  Gb  stm32f4xx_dma.o [1]
DMA_init                0x0800125d   0x6e  Code  Gb  main.o [1]
DebugMon_Handler        0x080030ad    0x2  Code  Gb  stm32f4xx_it.o [1]
Device_Init             0x08001385   0x14  Code  Gb  main.o [1]
Draw_Button_Frame       0x08000937   0x32  Code  Gb  main.o [1]
Draw_Scope_Grid         0x0800159b   0x36  Code  Gb  main.o [1]
Draw_Scope_Window       0x080015d1  0x240  Code  Gb  main.o [1]
FMC_GetFlagStatus       0x080021ff   0x2e  Code  Gb  stm32f4xx_fmc.o [1]
FMC_Init                0x08001399  0x106  Code  Gb  main.o [1]
FMC_SDRAMCmdConfig      0x080021d9   0x1a  Code  Gb  stm32f4xx_fmc.o [1]
FMC_SDRAMInit           0x08002129   0xb0  Code  Gb  stm32f4xx_fmc.o [1]
FMC_SetRefreshCount     0x080021f3    0xc  Code  Gb  stm32f4xx_fmc.o [1]
GPIO_Init               0x08001a61   0x70  Code  Gb  stm32f4xx_gpio.o [1]
GPIO_PinAFConfig        0x08001af9   0x24  Code  Gb  stm32f4xx_gpio.o [1]
GPIO_ReadInputDataBit   0x08001ad1    0xe  Code  Gb  stm32f4xx_gpio.o [1]
GPIO_ResetBits          0x08001ae3    0x4  Code  Gb  stm32f4xx_gpio.o [1]
GPIO_SetBits            0x08001adf    0x4  Code  Gb  stm32f4xx_gpio.o [1]
GPIO_ToggleBits         0x08001af1    0x8  Code  Gb  stm32f4xx_gpio.o [1]
GPIO_WriteBit           0x08001ae7    0xa  Code  Gb  stm32f4xx_gpio.o [1]
GPIO_init               0x08000ccd  0x3cc  Code  Gb  main.o [1]
HEAP$$Base              0x20002818          --   Gb  - Linker created -
HEAP$$Limit             0x20004818          --   Gb  - Linker created -
HardFault_Handler       0x080030a3    0x2  Code  Gb  stm32f4xx_it.o [1]
ImageToWrite            0x2000067c    0x4  Data  Gb  main.o [1]
InStream_Read           0x08002e0b   0x22  Code  Lc  lz77_init.o [5]
Init_Button             0x080008f5   0x2c  Code  Gb  main.o [1]
LCD_Draw_Rectangle      0x080007b9    0xe  Code  Gb  main.o [1]
LCD_Init                0x08001375   0x10  Code  Gb  main.o [1]
LCD_Refresh             0x08000749   0x3a  Code  Gb  main.o [1]
LCD_Refresh_task        0x080019a9    0x4  Code  Gb  main.o [1]
LCD_Window_EndX         0x200006a8    0x4  Data  Gb  main.o [1]
LCD_Window_EndY         0x200006ac    0x4  Data  Gb  main.o [1]
LCD_Window_StartX       0x200006a0    0x4  Data  Gb  main.o [1]
LCD_Window_StartY       0x200006a4    0x4  Data  Gb  main.o [1]
LCD_WriteBuff           0x080006ff   0x4a  Code  Gb  main.o [1]
LCD_buff                0x20000678    0x4  Data  Gb  main.o [1]
LoadInt                 0x0800274b   0x4c  Code  Lc  xprintfsmall.o [3]
MemManage_Handler       0x080030a5    0x2  Code  Gb  stm32f4xx_it.o [1]
NMI_Handler             0x080030a1    0x2  Code  Gb  stm32f4xx_it.o [1]
OutStream_Write         0x08002e2d   0x40  Code  Lc  lz77_init.o [5]
PendSV_Handler          0x080030af    0x2  Code  Gb  stm32f4xx_it.o [1]
RCC_AHB1PeriphClockCmd  0x08001be9   0x12  Code  Gb  stm32f4xx_rcc.o [1]
RCC_AHB3PeriphClockCmd  0x08001bfb   0x12  Code  Gb  stm32f4xx_rcc.o [1]
RCC_APB1PeriphClockCmd  0x08001c0d   0x12  Code  Gb  stm32f4xx_rcc.o [1]
RCC_APB2PeriphClockCmd  0x08001c1f   0x12  Code  Gb  stm32f4xx_rcc.o [1]
Region$$Table$$Base     0x08003034          --   Gb  - Linker created -
Region$$Table$$Limit    0x08003060          --   Gb  - Linker created -
SPI_Cmd                 0x08001bb1   0x14  Code  Gb  stm32f4xx_spi.o [1]
SPI_I2S_ReceiveData     0x08001bc5    0x4  Code  Gb  stm32f4xx_spi.o [1]
SPI_I2S_SendData        0x08001bc9   0x16  Code  Gb  stm32f4xx_spi.o [1]
SPI_Init                0x08001b79   0x38  Code  Gb  stm32f4xx_spi.o [1]
SVC_Handler             0x080030ab    0x2  Code  Gb  stm32f4xx_it.o [1]
ScopeAGetData           0x080019b1   0x62  Code  Gb  main.o [1]
ScopeA_Offset           0x20000684    0x4  Data  Gb  main.o [1]
ScopeA_buff             0x20000674    0x4  Data  Gb  main.o [1]
Scope_ADC_init          0x080011ef   0x68  Code  Gb  main.o [1]
Scope_Active            0x20000680    0x4  Data  Gb  main.o [1]
Scope_Clear_Path        0x08001549   0x52  Code  Gb  main.o [1]
SysTick_Handler         0x080019a5    0x4  Code  Gb  main.o [1]
SystemCoreClock         0x200006c8    0x4  Data  Gb  system_stm32f4xx.o [1]
SystemInit              0x08002245   0x94  Code  Gb  system_stm32f4xx.o [1]
TIM_Cmd                 0x080020e3   0x14  Code  Gb  stm32f4xx_tim.o [1]
TIM_ScopeTrig_init      0x080012d1   0x56  Code  Gb  main.o [1]
TIM_SelectOutputTrigger
                        0x08002115   0x12  Code  Gb  stm32f4xx_tim.o [1]
TIM_TimeBaseInit        0x08002081   0x62  Code  Gb  stm32f4xx_tim.o [1]
TOUCH_SPI_Init          0x08001327   0x4e  Code  Gb  main.o [1]
TouchLCD_Calibrate      0x08000a69   0xc6  Code  Gb  main.o [1]
TouchPutGetByte         0x080009bf   0x18  Code  Gb  main.o [1]
TouchRead               0x080009d7   0x84  Code  Gb  main.o [1]
UsageFault_Handler      0x080030a9    0x2  Code  Gb  stm32f4xx_it.o [1]
_EncodingSb_Mbtowc      0x08002d97   0x30  Code  Gb  xencoding_sb.o [3]
_EncodingSb_Wctomb      0x08002d7d   0x1a  Code  Gb  xencoding_sb.o [3]
_IsdstStr               0x20000604    0x4  Data  Gb  setlocale.o [3]
_LitobSmall             0x080029bd   0xce  Code  Lc  xprintfsmall.o [3]
_LocaleEncoding         0x08002d69    0xe  Code  Gb  setlocale.o [3]
_LocaleReturnString     0x20000624   0x50  Data  Lc  setlocale.o [3]
_Locale_Profile         0x20000608   0x1c  Data  Gb  setlocale.o [3]
_Mbtowc                 0x08002ad1   0x20  Code  Gb  xmbtowc.o [3]
_PrintfSmall            0x0800232d  0x414  Code  Gb  xprintfsmall.o [3]
_PutcharsSmall          0x08002a8b   0x2e  Code  Lc  xprintfsmall.o [3]
_PutstrSmall            0x08002797  0x226  Code  Lc  xprintfsmall.o [3]
_SProut                 0x08001bdf    0xa  Code  Gb  xsprout.o [3]
_TzoneStr               0x20000600    0x4  Data  Gb  setlocale.o [3]
_Wctomb                 0x08002c55   0x1a  Code  Gb  xwctomb.o [3]
__aeabi_d2uiz           0x08002055         Code  Gb  DblToI32.o [4]
__aeabi_dmul            0x08001eb1         Code  Gb  DblMul.o [4]
__aeabi_i2d             0x08001e85         Code  Gb  I32ToDbl.o [4]
__aeabi_memclr4         0x08001b1d         Code  Gb  ABImemclr4.o [5]
__cmain                 0x08003061         Code  Gb  cmain.o [5]
__data_Aldata           0x20000808    0x8  Data  Gb  xxmemxmalloc.o [3]
__data_GetMemChunk      0x08002ddd   0x2c  Code  Gb  xgetmemchunk.o [3]
__exit                  0x08002fd5   0x14  Code  Gb  exit.o [6]
__iar_Mbcurmax          0x08002b99    0xa  Code  Gb  xmbcurmax.o [3]
__iar_Memchr            0x08002b41         Code  Gb  memchr.o [5]
__iar_Memset4_word      0x080022f9         Code  Gb  ABImemset48.o [5]
__iar_Memset8_word      0x080022f9         Code  Gb  ABImemset48.o [5]
__iar_Strchr            0x08002af1         Code  Gb  strchr.o [5]
__iar_d2uiz             0x08002061         Code  Gb  DblToI32.o [4]
__iar_data_init3        0x08002fe9   0x28  Code  Gb  data_init.o [5]
__iar_dlib_perthread_access
                        0x08002e09    0x2  Code  Gb  xtls.o [3]
__iar_init_vfp          0x08003011         Code  Gb  fpinit_M.o [4]
__iar_lz77_init3        0x08002e6d  0x160  Code  Gb  lz77_init.o [5]
__iar_program_start     0x080030b1         Code  Gb  cstartup_M.o [5]
__iar_ui2d              0x08001e99         Code  Gb  I32ToDbl.o [4]
__iar_unaligned___aeabi_memcpy
                        0x08002c71         Code  Gb  ABImemcpy_unaligned.o [5]
__iar_unaligned___aeabi_memcpy4
                        0x08002c91         Code  Gb  ABImemcpy_unaligned.o [5]
__iar_unaligned___aeabi_memcpy8
                        0x08002c91         Code  Gb  ABImemcpy_unaligned.o [5]
__iar_zero_init3        0x08001b23   0x22  Code  Gb  zero_init3.o [5]
__low_level_init        0x0800307b    0x4  Code  Gb  low_level_init.o [3]
__vector_table          0x08000000         Data  Gb  startup_stm32f429x.o [1]
_call_main              0x0800306d         Code  Gb  cmain.o [5]
_exit                   0x08003085         Code  Gb  cexit.o [5]
_main                   0x08003077         Code  Gb  cmain.o [5]
abort                   0x08002fcd    0x6  Code  Gb  abort.o [3]
ascii_8x16              0x20000000  0x600  Data  Gb  main.o [1]
ax_calibrate            0x200007f0    0x4  Data  Gb  main.o [1]
ay_calibrate            0x200007f8    0x4  Data  Gb  main.o [1]
bx_calibrate            0x200007f4    0x4  Data  Gb  main.o [1]
by_calibrate            0x200007fc    0x4  Data  Gb  main.o [1]
calibrated_flag         0x200007e5    0x1  Data  Gb  main.o [1]
create_task             0x08000c21   0x2c  Code  Gb  main.o [1]
cursor                  0x2000069c    0x4  Data  Gb  main.o [1]
do_task                 0x08000c4d    0xe  Code  Gb  main.o [1]
exit                    0x0800307f    0x4  Code  Gb  exit.o [3]
free                    0x08002ce9   0x7a  Code  Gb  xxmemxfree.o [3]
last_sample_count       0x2000068c    0x4  Data  Gb  main.o [1]
main                    0x0800188d   0xb4  Code  Gb  main.o [1]
malloc                  0x08002ba5   0xac  Code  Gb  xxmemxmalloc.o [3]
memchr                  0x08002b41         Code  Gb  memchr.o [5]
pressure                0x200007e4    0x1  Data  Gb  main.o [1]
r                       0x200006b0    0x4  Data  Gb  main.o [1]
sample_buff             0x20000690    0x4  Data  Gb  main.o [1]
sample_counter          0x20000688    0x4  Data  Gb  main.o [1]
sprintf                 0x08001b45   0x34  Code  Gb  sprintf.o [3]
ssd1963_BackLight       0x080005cd   0x16  Code  Gb  main.o [1]
ssd1963_Clear           0x080003d9   0x24  Code  Gb  main.o [1]
ssd1963_ClearZone       0x080003fd   0x32  Code  Gb  main.o [1]
ssd1963_Delay           0x080005e3    0xa  Code  Gb  main.o [1]
ssd1963_Initialization  0x080001ad  0x1f6  Code  Gb  main.o [1]
ssd1963_PutChar         0x0800043f   0x5c  Code  Gb  main.o [1]
ssd1963_PutLine         0x080005ed   0x36  Code  Gb  main.o [1]
ssd1963_PutText         0x0800049b   0x34  Code  Gb  main.o [1]
ssd1963_Reset           0x080005a7   0x26  Code  Gb  main.o [1]
ssd1963_SetCursor       0x080003b5   0x10  Code  Gb  main.o [1]
ssd1963_SetPoint        0x0800042f   0x10  Code  Gb  main.o [1]
ssd1963_SetWindows      0x080003c5   0x14  Code  Gb  main.o [1]
ssd1963_Write           0x08000623   0xd6  Code  Gb  main.o [1]
ssd1963_WriteData       0x0800051b   0x1a  Code  Gb  main.o [1]
ssd1963_WriteIndex      0x080004cf   0x38  Code  Gb  main.o [1]
ssd1963_WriteRegister   0x08000535   0x4c  Code  Gb  main.o [1]
strchr                  0x08002af1         Code  Gb  strchr.o [5]
strlen                  0x08002b09         Code  Gb  strlen.o [5]
sys_scheduler           0x08000c5b   0x5c  Code  Gb  main.o [1]
task                    0x200006cc  0x118  Data  Gb  main.o [1]
task_num                0x20000800    0x4  Data  Gb  main.o [1]
tp_calibrated           0x200007ec    0x4  Data  Gb  main.o [1]
tp_raw                  0x200007e8    0x4  Data  Gb  main.o [1]
wait                    0x08000cb7   0x16  Code  Gb  main.o [1]
x                       0x20000694    0x4  Data  Gb  main.o [1]
y                       0x20000698    0x4  Data  Gb  main.o [1]


[1] = E:\Proiecte\Licenta\Licenta SW\IO_Toggle\STM324x9I_EVAL\Obj
[2] = command line
[3] = dl7M_tlf.a
[4] = m7M_tls.a
[5] = rt7M_tl.a
[6] = shb_l.a

  12 786 bytes of readonly  code memory
     776 bytes of readonly  data memory
  18 452 bytes of readwrite data memory

Errors: none
Warnings: none
